Component: ARM Compiler 5.06 update 7 (build 960) Tool: armlink [4d3601]

==============================================================================

Section Cross References

    api_quaternion.o(i.QuaternionEKF_A_Update) refers to rt_memclr_w.o(.text) for __aeabi_memclr4
    api_quaternion.o(i.QuaternionEKF_A_Update) refers to api_quaternion.o(i.Fast_InverseSqrt) for Fast_InverseSqrt
    api_quaternion.o(i.QuaternionEKF_ChiSqrtTest) refers to arm_mat_mult_f32.o(.text) for arm_mat_mult_f32
    api_quaternion.o(i.QuaternionEKF_ChiSqrtTest) refers to arm_mat_trans_f32.o(.text) for arm_mat_trans_f32
    api_quaternion.o(i.QuaternionEKF_ChiSqrtTest) refers to rt_memcpy_w.o(.text) for __aeabi_memcpy4
    api_quaternion.o(i.QuaternionEKF_H_Update) refers to rt_memclr_w.o(.text) for __aeabi_memclr4
    api_quaternion.o(i.QuaternionEKF_Init) refers to kalman.o(i.Kalman_Filter_Init) for Kalman_Filter_Init
    api_quaternion.o(i.QuaternionEKF_Init) refers to rt_memcpy_w.o(.text) for __aeabi_memcpy4
    api_quaternion.o(i.QuaternionEKF_Init) refers to api_quaternion.o(i.QuaternionEKF_A_Update) for QuaternionEKF_A_Update
    api_quaternion.o(i.QuaternionEKF_Init) refers to api_quaternion.o(i.QuaternionEKF_H_Update) for QuaternionEKF_H_Update
    api_quaternion.o(i.QuaternionEKF_Init) refers to api_quaternion.o(i.QuaternionEKF_xhat_Update) for QuaternionEKF_xhat_Update
    api_quaternion.o(i.QuaternionEKF_Update) refers to api_quaternion.o(i.Fast_InverseSqrt) for Fast_InverseSqrt
    api_quaternion.o(i.QuaternionEKF_Update) refers to rt_memcpy_w.o(.text) for __aeabi_memcpy4
    api_quaternion.o(i.QuaternionEKF_Update) refers to kalman.o(i.Kalman_Filter_Update) for Kalman_Filter_Update
    api_quaternion.o(i.QuaternionEKF_Update) refers to atan2f.o(i.__hardfp_atan2f) for __hardfp_atan2f
    api_quaternion.o(i.QuaternionEKF_Update) refers to asinf.o(i.__hardfp_asinf) for __hardfp_asinf
    api_quaternion.o(i.QuaternionEKF_xhat_Update) refers to arm_mat_trans_f32.o(.text) for arm_mat_trans_f32
    api_quaternion.o(i.QuaternionEKF_xhat_Update) refers to arm_mat_mult_f32.o(.text) for arm_mat_mult_f32
    api_quaternion.o(i.QuaternionEKF_xhat_Update) refers to arm_mat_add_f32.o(.text) for arm_mat_add_f32
    api_quaternion.o(i.QuaternionEKF_xhat_Update) refers to arm_mat_inverse_f32.o(.text) for arm_mat_inverse_f32
    api_quaternion.o(i.QuaternionEKF_xhat_Update) refers to acosf.o(i.__hardfp_acosf) for __hardfp_acosf
    api_quaternion.o(i.QuaternionEKF_xhat_Update) refers to arm_mat_sub_f32.o(.text) for arm_mat_sub_f32
    api_quaternion.o(i.QuaternionEKF_xhat_Update) refers to api_quaternion.o(i.QuaternionEKF_ChiSqrtTest) for QuaternionEKF_ChiSqrtTest
    api_trajectory.o(i.SolveTrajectory_Transform) refers to bsp_dwt.o(i.DWT_GetTimeline_s) for DWT_GetTimeline_s
    api_trajectory.o(i.SolveTrajectory_Transform) refers to arm_cos_f32.o(.text) for arm_cos_f32
    api_trajectory.o(i.SolveTrajectory_Transform) refers to arm_sin_f32.o(.text) for arm_sin_f32
    api_trajectory.o(i.SolveTrajectory_Transform) refers to f2d.o(x$fpl$f2d) for __aeabi_f2d
    api_trajectory.o(i.SolveTrajectory_Transform) refers to sqrt_full.o(i.__hardfp_sqrt) for __hardfp_sqrt
    api_trajectory.o(i.SolveTrajectory_Transform) refers to d2f_clz.o(x$fpl$d2f) for __aeabi_d2f
    api_trajectory.o(i.SolveTrajectory_Transform) refers to atan2.o(i.__hardfp_atan2) for __hardfp_atan2
    api_trajectory.o(i.SolveTrajectory_Transform) refers to api_trajectory.o(i.Trajectory_Picth_Update) for Trajectory_Picth_Update
    api_trajectory.o(i.SolveTrajectory_Transform) refers to atan2f.o(i.__hardfp_atan2f) for __hardfp_atan2f
    api_trajectory.o(i.SolveTrajectory_Transform) refers to api_trajectory.o(.data) for .data
    api_trajectory.o(i.Trajectory_BulletModel) refers to f2d.o(x$fpl$f2d) for __aeabi_f2d
    api_trajectory.o(i.Trajectory_BulletModel) refers to cos.o(i.__hardfp_cos) for __hardfp_cos
    api_trajectory.o(i.Trajectory_BulletModel) refers to dmul_clz.o(x$fpl$dmul) for __aeabi_dmul
    api_trajectory.o(i.Trajectory_BulletModel) refers to exp.o(i.__hardfp_exp) for __hardfp_exp
    api_trajectory.o(i.Trajectory_BulletModel) refers to daddsub_clz.o(x$fpl$dsub) for __aeabi_dsub
    api_trajectory.o(i.Trajectory_BulletModel) refers to ddiv_clz.o(x$fpl$ddiv) for __aeabi_ddiv
    api_trajectory.o(i.Trajectory_BulletModel) refers to d2f_clz.o(x$fpl$d2f) for __aeabi_d2f
    api_trajectory.o(i.Trajectory_BulletModel) refers to arm_sin_f32.o(.text) for arm_sin_f32
    api_trajectory.o(i.Trajectory_Picth_Update) refers to f2d.o(x$fpl$f2d) for __aeabi_f2d
    api_trajectory.o(i.Trajectory_Picth_Update) refers to atan2.o(i.__hardfp_atan2) for __hardfp_atan2
    api_trajectory.o(i.Trajectory_Picth_Update) refers to d2f_clz.o(x$fpl$d2f) for __aeabi_d2f
    api_trajectory.o(i.Trajectory_Picth_Update) refers to api_trajectory.o(i.Trajectory_BulletModel) for Trajectory_BulletModel
[...]
    HAL_CAN_ConfigFilter                     0x08003ea1   Thumb Code   266  stm32f4xx_hal_can.o(i.HAL_CAN_ConfigFilter)
    HAL_CAN_ErrorCallback                    0x08003fb1   Thumb Code     2  stm32f4xx_hal_can.o(i.HAL_CAN_ErrorCallback)
    HAL_CAN_GetRxMessage                     0x08003fb3   Thumb Code   262  stm32f4xx_hal_can.o(i.HAL_CAN_GetRxMessage)
    HAL_CAN_IRQHandler                       0x080040b9   Thumb Code   508  stm32f4xx_hal_can.o(i.HAL_CAN_IRQHandler)
    HAL_CAN_Init                             0x080042b5   Thumb Code   338  stm32f4xx_hal_can.o(i.HAL_CAN_Init)
    HAL_CAN_MspInit                          0x08004409   Thumb Code   230  can.o(i.HAL_CAN_MspInit)
    HAL_CAN_RxFifo0FullCallback              0x08004509   Thumb Code     2  stm32f4xx_hal_can.o(i.HAL_CAN_RxFifo0FullCallback)
    HAL_CAN_RxFifo0MsgPendingCallback        0x0800450d   Thumb Code    30  bsp_can.o(i.HAL_CAN_RxFifo0MsgPendingCallback)
    HAL_CAN_RxFifo1FullCallback              0x08004531   Thumb Code     2  stm32f4xx_hal_can.o(i.HAL_CAN_RxFifo1FullCallback)
    HAL_CAN_RxFifo1MsgPendingCallback        0x08004535   Thumb Code    30  bsp_can.o(i.HAL_CAN_RxFifo1MsgPendingCallback)
    HAL_CAN_SleepCallback                    0x08004559   Thumb Code     2  stm32f4xx_hal_can.o(i.HAL_CAN_SleepCallback)
    HAL_CAN_Start                            0x0800455b   Thumb Code    88  stm32f4xx_hal_can.o(i.HAL_CAN_Start)
    HAL_CAN_TxMailbox0AbortCallback          0x080045b3   Thumb Code     2  stm32f4xx_hal_can.o(i.HAL_CAN_TxMailbox0AbortCallback)
    HAL_CAN_TxMailbox0CompleteCallback       0x080045b5   Thumb Code     2  stm32f4xx_hal_can.o(i.HAL_CAN_TxMailbox0CompleteCallback)
    HAL_CAN_TxMailbox1AbortCallback          0x080045b7   Thumb Code     2  stm32f4xx_hal_can.o(i.HAL_CAN_TxMailbox1AbortCallback)
    HAL_CAN_TxMailbox1CompleteCallback       0x080045b9   Thumb Code     2  stm32f4xx_hal_can.o(i.HAL_CAN_TxMailbox1CompleteCallback)
    HAL_CAN_TxMailbox2AbortCallback          0x080045bb   Thumb Code     2  stm32f4xx_hal_can.o(i.HAL_CAN_TxMailbox2AbortCallback)
    HAL_CAN_TxMailbox2CompleteCallback       0x080045bd   Thumb Code     2  stm32f4xx_hal_can.o(i.HAL_CAN_TxMailbox2CompleteCallback)
    HAL_CAN_WakeUpFromRxMsgCallback          0x080045bf   Thumb Code     2  stm32f4xx_hal_can.o(i.HAL_CAN_WakeUpFromRxMsgCallback)
    HAL_DMA_Abort                            0x080045c1   Thumb Code   142  stm32f4xx_hal_dma.o(i.HAL_DMA_Abort)
    HAL_DMA_Abort_IT                         0x0800464f   Thumb Code    36  stm32f4xx_hal_dma.o(i.HAL_DMA_Abort_IT)
    HAL_DMA_IRQHandler                       0x08004675   Thumb Code   460  stm32f4xx_hal_dma.o(i.HAL_DMA_IRQHandler)
    HAL_DMA_Init                             0x08004845   Thumb Code   208  stm32f4xx_hal_dma.o(i.HAL_DMA_Init)
    HAL_GPIO_EXTI_Callback                   0x08004919   Thumb Code     2  stm32f4xx_hal_gpio.o(i.HAL_GPIO_EXTI_Callback)
    HAL_GPIO_EXTI_IRQHandler                 0x0800491d   Thumb Code    18  stm32f4xx_hal_gpio.o(i.HAL_GPIO_EXTI_IRQHandler)
    HAL_GPIO_Init                            0x08004935   Thumb Code   420  stm32f4xx_hal_gpio.o(i.HAL_GPIO_Init)
    HAL_GPIO_WritePin                        0x08004b05   Thumb Code    14  stm32f4xx_hal_gpio.o(i.HAL_GPIO_WritePin)
    HAL_GetTick                              0x08004b15   Thumb Code     6  stm32f4xx_hal.o(i.HAL_GetTick)
    HAL_IncTick                              0x08004b21   Thumb Code    12  stm32f4xx_hal.o(i.HAL_IncTick)
    HAL_Init                                 0x08004b31   Thumb Code    48  stm32f4xx_hal.o(i.HAL_Init)
    HAL_InitTick                             0x08004b65   Thumb Code   134  stm32f4xx_hal_timebase_tim.o(i.HAL_InitTick)
    HAL_MspInit                              0x08004bfd   Thumb Code    52  stm32f4xx_hal_msp.o(i.HAL_MspInit)
    HAL_NVIC_EnableIRQ                       0x08004c35   Thumb Code    26  stm32f4xx_hal_cortex.o(i.HAL_NVIC_EnableIRQ)
    HAL_NVIC_SetPriority                     0x08004c51   Thumb Code    60  stm32f4xx_hal_cortex.o(i.HAL_NVIC_SetPriority)
    HAL_NVIC_SetPriorityGrouping             0x08004c91   Thumb Code    26  stm32f4xx_hal_cortex.o(i.HAL_NVIC_SetPriorityGrouping)
    HAL_RCC_CSSCallback                      0x08004cb5   Thumb Code     2  stm32f4xx_hal_rcc.o(i.HAL_RCC_CSSCallback)
    HAL_RCC_ClockConfig                      0x08004cb9   Thumb Code   310  stm32f4xx_hal_rcc.o(i.HAL_RCC_ClockConfig)
    HAL_RCC_EnableCSS                        0x08004e05   Thumb Code     8  stm32f4xx_hal_rcc.o(i.HAL_RCC_EnableCSS)
    HAL_RCC_GetClockConfig                   0x08004e11   Thumb Code    52  stm32f4xx_hal_rcc.o(i.HAL_RCC_GetClockConfig)
    HAL_RCC_GetHCLKFreq                      0x08004e4d   Thumb Code     6  stm32f4xx_hal_rcc.o(i.HAL_RCC_GetHCLKFreq)
    HAL_RCC_GetPCLK1Freq                     0x08004e59   Thumb Code    22  stm32f4xx_hal_rcc.o(i.HAL_RCC_GetPCLK1Freq)
    HAL_RCC_GetPCLK2Freq                     0x08004e79   Thumb Code    22  stm32f4xx_hal_rcc.o(i.HAL_RCC_GetPCLK2Freq)
    HAL_RCC_GetSysClockFreq                  0x08004e99   Thumb Code    94  stm32f4xx_hal_rcc.o(i.HAL_RCC_GetSysClockFreq)
    HAL_RCC_NMI_IRQHandler                   0x08004f05   Thumb Code    24  stm32f4xx_hal_rcc.o(i.HAL_RCC_NMI_IRQHandler)
    HAL_RCC_OscConfig                        0x08004f21   Thumb Code   942  stm32f4xx_hal_rcc.o(i.HAL_RCC_OscConfig)
    HAL_SPI_Init                             0x080052e1   Thumb Code   190  stm32f4xx_hal_spi.o(i.HAL_SPI_Init)
    HAL_SPI_MspInit                          0x080053a1   Thumb Code   128  spi.o(i.HAL_SPI_MspInit)
    HAL_SPI_TransmitReceive                  0x08005431   Thumb Code   484  stm32f4xx_hal_spi.o(i.HAL_SPI_TransmitReceive)
    HAL_TIMEx_BreakCallback                  0x08005615   Thumb Code     2  stm32f4xx_hal_tim_ex.o(i.HAL_TIMEx_BreakCallback)
    HAL_TIMEx_CommutCallback                 0x08005617   Thumb Code     2  stm32f4xx_hal_tim_ex.o(i.HAL_TIMEx_CommutCallback)
    HAL_TIM_Base_Init                        0x08005619   Thumb Code    74  stm32f4xx_hal_tim.o(i.HAL_TIM_Base_Init)
    HAL_TIM_Base_MspInit                     0x08005665   Thumb Code    30  tim.o(i.HAL_TIM_Base_MspInit)
    HAL_TIM_Base_Start_IT                    0x0800568d   Thumb Code   110  stm32f4xx_hal_tim.o(i.HAL_TIM_Base_Start_IT)
    HAL_TIM_IC_CaptureCallback               0x08005719   Thumb Code     2  stm32f4xx_hal_tim.o(i.HAL_TIM_IC_CaptureCallback)
    HAL_TIM_IRQHandler                       0x0800571b   Thumb Code   366  stm32f4xx_hal_tim.o(i.HAL_TIM_IRQHandler)
    HAL_TIM_MspPostInit                      0x08005889   Thumb Code    70  tim.o(i.HAL_TIM_MspPostInit)
    HAL_TIM_OC_DelayElapsedCallback          0x080058dd   Thumb Code     2  stm32f4xx_hal_tim.o(i.HAL_TIM_OC_DelayElapsedCallback)
    HAL_TIM_PWM_ConfigChannel                0x080058df   Thumb Code   216  stm32f4xx_hal_tim.o(i.HAL_TIM_PWM_ConfigChannel)
    HAL_TIM_PWM_Init                         0x080059b7   Thumb Code    74  stm32f4xx_hal_tim.o(i.HAL_TIM_PWM_Init)
    HAL_TIM_PWM_MspInit                      0x08005a01   Thumb Code     2  stm32f4xx_hal_tim.o(i.HAL_TIM_PWM_MspInit)
    HAL_TIM_PWM_PulseFinishedCallback        0x08005a03   Thumb Code     2  stm32f4xx_hal_tim.o(i.HAL_TIM_PWM_PulseFinishedCallback)
    HAL_TIM_PWM_Start                        0x08005a05   Thumb Code   190  stm32f4xx_hal_tim.o(i.HAL_TIM_PWM_Start)
    HAL_TIM_PeriodElapsedCallback            0x08005ae1   Thumb Code    14  main.o(i.HAL_TIM_PeriodElapsedCallback)
    HAL_TIM_TriggerCallback                  0x08005aef   Thumb Code     2  stm32f4xx_hal_tim.o(i.HAL_TIM_TriggerCallback)
    HAL_UARTEx_RxEventCallback               0x08005af1   Thumb Code    70  bsp_uart.o(i.HAL_UARTEx_RxEventCallback)
    HAL_UART_ErrorCallback                   0x08005b41   Thumb Code     2  stm32f4xx_hal_uart.o(i.HAL_UART_ErrorCallback)
    HAL_UART_IRQHandler                      0x08005b45   Thumb Code   546  stm32f4xx_hal_uart.o(i.HAL_UART_IRQHandler)
    HAL_UART_Init                            0x08005d6d   Thumb Code   100  stm32f4xx_hal_uart.o(i.HAL_UART_Init)
    HAL_UART_MspInit                         0x08005dd1   Thumb Code   448  usart.o(i.HAL_UART_MspInit)
    HAL_UART_RxCpltCallback                  0x08005fb5   Thumb Code     2  stm32f4xx_hal_uart.o(i.HAL_UART_RxCpltCallback)
    HAL_UART_TxCpltCallback                  0x08005fb7   Thumb Code     2  stm32f4xx_hal_uart.o(i.HAL_UART_TxCpltCallback)
    HardFault_Handler                        0x08005fd3   Thumb Code     2  stm32f4xx_it.o(i.HardFault_Handler)
    Heat_Power_Control                       0x08005fd5   Thumb Code    10  bsp_tim.o(i.Heat_Power_Control)
    INS_Task                                 0x08006045   Thumb Code   336  ins_task.o(i.INS_Task)
    Kalman_Filter_Init                       0x080062c9   Thumb Code   874  kalman.o(i.Kalman_Filter_Init)
    Kalman_Filter_Update                     0x080067ff   Thumb Code   134  kalman.o(i.Kalman_Filter_Update)
    Key_A                                    0x08006979   Thumb Code    46  remote_control.o(i.Key_A)
    Key_D                                    0x080069b1   Thumb Code    48  remote_control.o(i.Key_D)
    Key_S                                    0x080069e9   Thumb Code    46  remote_control.o(i.Key_S)
    Key_W                                    0x08006a95   Thumb Code    46  remote_control.o(i.Key_W)
    LK_Motor_Info_Update                     0x08006acd   Thumb Code    74  motor.o(i.LK_Motor_Info_Update)
    LowPassFilter1p_Init                     0x08006b31   Thumb Code    22  lpf.o(i.LowPassFilter1p_Init)
    LowPassFilter2p_Init                     0x08006b4d   Thumb Code    30  lpf.o(i.LowPassFilter2p_Init)
    LowPassFilter2p_Update                   0x08006b71   Thumb Code    76  lpf.o(i.LowPassFilter2p_Update)
    MCU_Init                                 0x08006bbd   Thumb Code    22  bsp_mcu.o(i.MCU_Init)
    MX_CAN1_Init                             0x08006bd5   Thumb Code    62  can.o(i.MX_CAN1_Init)
    MX_CAN2_Init                             0x08006c1d   Thumb Code    62  can.o(i.MX_CAN2_Init)
    MX_DMA_Init                              0x08006c65   Thumb Code    88  dma.o(i.MX_DMA_Init)
    MX_FREERTOS_Init                         0x08006cc1   Thumb Code    96  freertos.o(i.MX_FREERTOS_Init)
    MX_GPIO_Init                             0x08006d29   Thumb Code   252  gpio.o(i.MX_GPIO_Init)
    MX_SPI1_Init                             0x08006e39   Thumb Code    62  spi.o(i.MX_SPI1_Init)
    MX_TIM10_Init                            0x08006e81   Thumb Code    94  tim.o(i.MX_TIM10_Init)
    MX_USART1_UART_Init                      0x08006ee9   Thumb Code    46  usart.o(i.MX_USART1_UART_Init)
    MX_USART6_UART_Init                      0x08006f25   Thumb Code    48  usart.o(i.MX_USART6_UART_Init)
    MemManage_Handler                        0x08006f5d   Thumb Code     2  stm32f4xx_it.o(i.MemManage_Handler)
    NMI_Handler                              0x08007535   Thumb Code     6  stm32f4xx_it.o(i.NMI_Handler)
    PID_Init                                 0x08007591   Thumb Code    36  pid.o(i.PID_Init)
    QuaternionEKF_Init                       0x080079d5   Thumb Code   166  api_quaternion.o(i.QuaternionEKF_Init)
    QuaternionEKF_Update                     0x08007a91   Thumb Code   816  api_quaternion.o(i.QuaternionEKF_Update)
    Referee_Frame_Update                     0x0800808d   Thumb Code    86  referee_info.o(i.Referee_Frame_Update)
    SBUS_TO_RC                               0x080082c1   Thumb Code   200  remote_control.o(i.SBUS_TO_RC)
    SysTick_Handler                          0x08008541   Thumb Code    38  port.o(i.SysTick_Handler)
    SystemClock_Config                       0x0800856d   Thumb Code   142  main.o(i.SystemClock_Config)
    SystemInit                               0x08008605   Thumb Code    12  system_stm32f4xx.o(i.SystemInit)
    TIM2_IRQHandler                          0x08008615   Thumb Code     6  stm32f4xx_it.o(i.TIM2_IRQHandler)
    TIM_Base_SetConfig                       0x08008621   Thumb Code   160  stm32f4xx_hal_tim.o(i.TIM_Base_SetConfig)
    TIM_CCxChannelCmd                        0x080086ed   Thumb Code    26  stm32f4xx_hal_tim.o(i.TIM_CCxChannelCmd)
    TIM_OC2_SetConfig                        0x08008771   Thumb Code   106  stm32f4xx_hal_tim.o(i.TIM_OC2_SetConfig)
    USART1_IRQHandler                        0x08008b5d   Thumb Code     6  stm32f4xx_it.o(i.USART1_IRQHandler)
    USART6_IRQHandler                        0x08008b69   Thumb Code     6  stm32f4xx_it.o(i.USART6_IRQHandler)
    USER_CAN_TxMessage                       0x08008be9   Thumb Code    20  bsp_can.o(i.USER_CAN_TxMessage)
    UsageFault_Handler                       0x08008ce9   Thumb Code     2  stm32f4xx_it.o(i.UsageFault_Handler)
    __ARM_fpclassifyf                        0x08009455   Thumb Code    38  fpclassifyf.o(i.__ARM_fpclassifyf)
    __hardfp_acosf                           0x0800949d   Thumb Code   234  acosf.o(i.__hardfp_acosf)
    __hardfp_asinf                           0x080095b5   Thumb Code   258  asinf.o(i.__hardfp_asinf)
    __hardfp_atan2f                          0x080096e1   Thumb Code   594  atan2f.o(i.__hardfp_atan2f)
    __hardfp_fabs                            0x0800998d   Thumb Code    20  fabs.o(i.__hardfp_fabs)
    __hardfp_powf                            0x080099a1   Thumb Code  1606  powf.o(i.__hardfp_powf)
    __mathlib_powf                           0x080099a1   Thumb Code     0  powf.o(i.__hardfp_powf)
    __mathlib_flt_divzero                    0x0800a005   Thumb Code    14  funder.o(i.__mathlib_flt_divzero)
    __mathlib_flt_infnan                     0x0800a019   Thumb Code     6  funder.o(i.__mathlib_flt_infnan)
    __mathlib_flt_infnan2                    0x0800a01f   Thumb Code     6  funder.o(i.__mathlib_flt_infnan2)
    __mathlib_flt_invalid                    0x0800a025   Thumb Code    10  funder.o(i.__mathlib_flt_invalid)
    __mathlib_flt_overflow                   0x0800a035   Thumb Code    10  funder.o(i.__mathlib_flt_overflow)
    __mathlib_flt_underflow                  0x0800a045   Thumb Code    10  funder.o(i.__mathlib_flt_underflow)
    encoder_to_angle                         0x0800a089   Thumb Code   256  motor.o(i.encoder_to_angle)
    f_PID_Calculate                          0x0800a255   Thumb Code   392  pid.o(i.f_PID_Calculate)
    f_Ramp_Calc                              0x0800a3e1   Thumb Code    62  ramp.o(i.f_Ramp_Calc)
    get_CRC16_check_sum                      0x0800a489   Thumb Code    44  crc.o(i.get_CRC16_check_sum)
    get_CRC8_check_sum                       0x0800a4b9   Thumb Code    24  crc.o(i.get_CRC8_check_sum)
    main                                     0x0800a4e5   Thumb Code    54  main.o(i.main)
    osDelay                                  0x0800a527   Thumb Code    16  cmsis_os.o(i.osDelay)
    osDelayUntil                             0x0800a537   Thumb Code    16  cmsis_os.o(i.osDelayUntil)
    osKernelStart                            0x0800a547   Thumb Code    10  cmsis_os.o(i.osKernelStart)
    osKernelSysTick                          0x0800a551   Thumb Code    24  cmsis_os.o(i.osKernelSysTick)
    osThreadCreate                           0x0800a569   Thumb Code    88  cmsis_os.o(i.osThreadCreate)
    pvPortMalloc                             0x0800a959   Thumb Code   214  heap_4.o(i.pvPortMalloc)
    pxPortInitialiseStack                    0x0800aa35   Thumb Code    30  port.o(i.pxPortInitialiseStack)
    sqrtf                                    0x0800aa59   Thumb Code    62  sqrtf_full.o(i.sqrtf)
    uxListRemove                             0x0800aabf   Thumb Code    38  list.o(i.uxListRemove)
    vApplicationGetIdleTaskMemory            0x0800aae5   Thumb Code    18  freertos.o(i.vApplicationGetIdleTaskMemory)
    vListInitialise                          0x0800aafd   Thumb Code    22  list.o(i.vListInitialise)
    vListInitialiseItem                      0x0800ab13   Thumb Code     6  list.o(i.vListInitialiseItem)
    vListInsert                              0x0800ab19   Thumb Code    48  list.o(i.vListInsert)
    vListInsertEnd                           0x0800ab49   Thumb Code    24  list.o(i.vListInsertEnd)
    vPortEnterCritical                       0x0800ab61   Thumb Code    54  port.o(i.vPortEnterCritical)
    vPortExitCritical                        0x0800aba1   Thumb Code    38  port.o(i.vPortExitCritical)
    vPortFree                                0x0800abcd   Thumb Code    94  heap_4.o(i.vPortFree)
    vPortSetupTimerInterrupt                 0x0800ac31   Thumb Code    32  port.o(i.vPortSetupTimerInterrupt)
    vPortValidateInterruptPriority           0x0800ac55   Thumb Code    74  port.o(i.vPortValidateInterruptPriority)
    vTaskDelay                               0x0800aca9   Thumb Code    70  tasks.o(i.vTaskDelay)
    vTaskDelayUntil                          0x0800acf9   Thumb Code   142  tasks.o(i.vTaskDelayUntil)
    vTaskStartScheduler                      0x0800ad91   Thumb Code   118  tasks.o(i.vTaskStartScheduler)
    vTaskSuspendAll                          0x0800ae19   Thumb Code    10  tasks.o(i.vTaskSuspendAll)
    vTaskSwitchContext                       0x0800ae29   Thumb Code    86  tasks.o(i.vTaskSwitchContext)
    verify_CRC16_check_sum                   0x0800ae89   Thumb Code    60  crc.o(i.verify_CRC16_check_sum)
    verify_CRC8_check_sum                    0x0800aec9   Thumb Code    46  crc.o(i.verify_CRC8_check_sum)
    xPortStartScheduler                      0x0800aef9   Thumb Code   222  port.o(i.xPortStartScheduler)
    xTaskCreate                              0x0800afed   Thumb Code   100  tasks.o(i.xTaskCreate)
    xTaskCreateStatic                        0x0800b051   Thumb Code    92  tasks.o(i.xTaskCreateStatic)
    xTaskGetTickCount                        0x0800b0ad   Thumb Code     6  tasks.o(i.xTaskGetTickCount)
    xTaskGetTickCountFromISR                 0x0800b0b9   Thumb Code    12  tasks.o(i.xTaskGetTickCountFromISR)
    xTaskIncrementTick                       0x0800b0c9   Thumb Code   198  tasks.o(i.xTaskIncrementTick)
    xTaskResumeAll                           0x0800b199   Thumb Code   192  tasks.o(i.xTaskResumeAll)
    __aeabi_d2f                              0x0800b265   Thumb Code     0  d2f_clz.o(x$fpl$d2f)
    _d2f                                     0x0800b265   Thumb Code   700  d2f_clz.o(x$fpl$d2f)
    __aeabi_dadd                             0x0800b529   Thumb Code     0  daddsub_clz.o(x$fpl$dadd)
    _dadd                                    0x0800b529   Thumb Code   580  daddsub_clz.o(x$fpl$dadd)
    __fpl_dcmp_Inf                           0x0800b775   Thumb Code    24  dcmpi.o(x$fpl$dcmpinf)
    __dflt_normalise                         0x0800b78d   Thumb Code    26  dflt_clz.o(x$fpl$dfltn)
    __aeabi_cdcmple                          0x0800b7a9   Thumb Code     0  dleqf.o(x$fpl$dleqf)
    _dcmple                                  0x0800b7a9   Thumb Code   120  dleqf.o(x$fpl$dleqf)
    __fpl_dcmple_InfNaN                      0x0800b801   Thumb Code     0  dleqf.o(x$fpl$dleqf)
    __fpl_dnaninf                            0x0800b821   Thumb Code   258  dnaninf.o(x$fpl$dnaninf)
    __fpl_drenorm2                           0x0800b923   Thumb Code   106  drenorm_clz.o(x$fpl$drenorm)
    __fpl_drenorm1                           0x0800b98d   Thumb Code     6  drenorm_clz.o(x$fpl$drenorm)
    __fpl_dretinf                            0x0800b993   Thumb Code    12  dretinf.o(x$fpl$dretinf)
    __aeabi_cdrcmple                         0x0800b99f   Thumb Code     0  drleqf.o(x$fpl$drleqf)
    _drcmple                                 0x0800b99f   Thumb Code    98  drleqf.o(x$fpl$drleqf)
    __aeabi_drsub                            0x0800ba01   Thumb Code     0  daddsub_clz.o(x$fpl$drsb)
    _drsb                                    0x0800ba01   Thumb Code    74  daddsub_clz.o(x$fpl$drsb)
    __aeabi_dsub                             0x0800ba51   Thumb Code     0  daddsub_clz.o(x$fpl$dsub)
    _dsub                                    0x0800ba51   Thumb Code   664  daddsub_clz.o(x$fpl$dsub)
    __dunder                                 0x0800bced   Thumb Code   314  dunder_clz.o(x$fpl$dunder)
    __dunder_d                               0x0800be27   Thumb Code    64  dunder_clz.o(x$fpl$dunder)
    __fpl_exception                          0x0800be69   Thumb Code   454  except.o(x$fpl$exception)
    __aeabi_f2d                              0x0800c055   Thumb Code     0  f2d.o(x$fpl$f2d)
    _f2d                                     0x0800c055   Thumb Code   122  f2d.o(x$fpl$f2d)
    __fpl_fnaninf                            0x0800c0cf   Thumb Code   242  fnaninf.o(x$fpl$fnaninf)
    _fp_init                                 0x0800c1c1   Thumb Code    10  fpinit.o(x$fpl$fpinit)
    __fplib_config_fpu_vfp                   0x0800c1c9   Thumb Code     0  fpinit.o(x$fpl$fpinit)
    __fplib_config_pureend_doubles           0x0800c1c9   Thumb Code     0  fpinit.o(x$fpl$fpinit)
    __fpl_fretinf                            0x0800c1cb   Thumb Code    10  fretinf.o(x$fpl$fretinf)
    __funder                                 0x0800c1d5   Thumb Code   254  funder_clz.o(x$fpl$funder)
    __funder_d                               0x0800c2d3   Thumb Code    62  funder_clz.o(x$fpl$funder)
    __ieee_status                            0x0800c311   Thumb Code    28  istatus.o(x$fpl$ieeestatus)
    __fpl_return_NaN                         0x0800c331   Thumb Code   178  retnan.o(x$fpl$retnan)
    _fp_trapveneer                           0x0800c3e3   Thumb Code    36  trapv.o(x$fpl$trapveneer)
    __fpl_cmpreturn                          0x0800c407   Thumb Code    90  trapv.o(x$fpl$trapveneer)
    CRC8_table                               0x0800c460   Data         256  crc.o(.constdata)
    __I$use$fp                               0x0800c460   Number         0  usenofp.o(x$fpl$usenofp)
    wCRC_table                               0x0800c560   Data         512  crc.o(.constdata)
    AHBPrescTable                            0x0800c7d0   Data          16  system_stm32f4xx.o(.constdata)
    APBPrescTable                            0x0800c7e0   Data           8  system_stm32f4xx.o(.constdata)
    sinTable_f32                             0x0800c7f0   Data        2052  arm_common_tables.o(.constdata)
    Region$$Table$$Base                      0x0800d174   Number         0  anon$$obj.o(Region$$Table)
    Region$$Table$$Limit                     0x0800d194   Number         0  anon$$obj.o(Region$$Table)
    Chassis_Week_Flag                        0x20000000   Data           1  can_task.o(.data)
    systick                                  0x20000004   Data           4  can_task.o(.data)
    Send_Chassis_Power_Limit                 0x20000008   Data           4  can_task.o(.data)
    Gain                                     0x2000000c   Data           4  can_task.o(.data)
    PID_Velocity_Param                       0x20000010   Data          24  can_task.o(.data)
    PID_Turn_Angle_Param                     0x20000028   Data          24  can_task.o(.data)
    PID_Turn_Velocity_Param                  0x20000040   Data          24  can_task.o(.data)
    Flag2                                    0x20000058   Data           1  control_task.o(.data)
    Begin_Jump                               0x20000059   Data           1  control_task.o(.data)
    Jump1                                    0x2000005a   Data           1  control_task.o(.data)
    One_Flag                                 0x2000005b   Data           1  control_task.o(.data)
    Flag1                                    0x20000061   Data           1  control_task.o(.data)
    Begin_Jump_Cnt                           0x20000062   Data           2  control_task.o(.data)
    Jump_Cnt1                                0x20000064   Data           2  control_task.o(.data)
    Jump_Cnt2                                0x20000066   Data           2  control_task.o(.data)
    Leg_Length                               0x20000068   Data           4  control_task.o(.data)
    LK_Motor_E                               0x2000006c   Data           4  control_task.o(.data)
    Yaw_LK_Err                               0x20000070   Data           4  control_task.o(.data)
    Control_Info                             0x20000074   Data        1040  control_task.o(.data)
    a11                                      0x20000484   Data          24  control_task.o(.data)
    a12                                      0x2000049c   Data          24  control_task.o(.data)
    a13                                      0x200004b4   Data          24  control_task.o(.data)
    a14                                      0x200004cc   Data          24  control_task.o(.data)
    a15                                      0x200004e4   Data          24  control_task.o(.data)
    a16                                      0x200004fc   Data          24  control_task.o(.data)
    a21                                      0x20000514   Data          24  control_task.o(.data)
    a22                                      0x2000052c   Data          24  control_task.o(.data)
    a23                                      0x20000544   Data          24  control_task.o(.data)
    a24                                      0x2000055c   Data          24  control_task.o(.data)
    a25                                      0x20000574   Data          24  control_task.o(.data)
    a26                                      0x2000058c   Data          24  control_task.o(.data)
    JointTxFrame                             0x200007a8   Data         144  bsp_can.o(.data)
    LK_L9025_Left_TxFrame                    0x20000838   Data          36  bsp_can.o(.data)
    LK_L9025_Right_TxFrame                   0x2000085c   Data          36  bsp_can.o(.data)
    SuperCapTxFrame                          0x20000880   Data          36  bsp_can.o(.data)
    RefreeInfoTxFrame                        0x200008a4   Data          36  bsp_can.o(.data)
    CRC16_INIT                               0x200008cc   Data           2  crc.o(.data)
    LK_Motor                                 0x200008fc   Data          72  motor.o(.data)
    DJI_Yaw_Motor                            0x20000944   Data          40  motor.o(.data)
    Damiao_Motor                             0x2000096c   Data         224  motor.o(.data)
    remote_ctrl                              0x20000a5a   Data          24  remote_control.o(.data)
    StartINSTaskHandle                       0x20000a74   Data           4  freertos.o(.data)
    StartDetectTaskHandle                    0x20000a78   Data           4  freertos.o(.data)
    StartControlTasHandle                    0x20000a7c   Data           4  freertos.o(.data)
    StartCANTaskHandle                       0x20000a80   Data           4  freertos.o(.data)
    SystemCoreClock                          0x20000a88   Data           4  system_stm32f4xx.o(.data)
    pxCurrentTCB                             0x20000a8c   Data           4  tasks.o(.data)
    uwTickFreq                               0x20000af4   Data           1  stm32f4xx_hal.o(.data)
    uwTickPrio                               0x20000af8   Data           4  stm32f4xx_hal.o(.data)
    uwTick                                   0x20000afc   Data           4  stm32f4xx_hal.o(.data)
    SuperCap_Info                            0x20000b00   Data          16  can_task.o(.bss)
    PID_Velocity                             0x20000b10   Data          80  can_task.o(.bss)
    PID_Turn_Velocity1                       0x20000b60   Data          80  can_task.o(.bss)
    PID_Turn_Angle1                          0x20000bb0   Data          80  can_task.o(.bss)
    LowPassFilter1p1                         0x20000c00   Data          20  control_task.o(.bss)
    LowPassFilter1p2                         0x20000c14   Data          20  control_task.o(.bss)
    PID_Leg_length_thrust                    0x20000c28   Data         160  control_task.o(.bss)
    PID_Left_Turn_Angle                      0x20000cc8   Data          80  control_task.o(.bss)
    PID_Left_Turn_Velocity                   0x20000d18   Data          80  control_task.o(.bss)
    PID_Turn_Velocity                        0x20000d68   Data          80  control_task.o(.bss)
    PID_Leg_Coordinate                       0x20000db8   Data          80  control_task.o(.bss)
    PID_Vision_Lock_Angle                    0x20000e08   Data          80  control_task.o(.bss)
    PID_Vision_Lock_Gyro                     0x20000e58   Data          80  control_task.o(.bss)
    INS_Info                                 0x20000ea8   Data          72  ins_task.o(.bss)
    INS_AcceLPF2p                            0x20000ef0   Data          96  ins_task.o(.bss)
    TempCtrl_PID                             0x20000f50   Data          80  ins_task.o(.bss)
    Quaternion_Info                          0x20000fa0   Data         420  ins_task.o(.bss)
    CAN1_RxInstance                          0x20001144   Data          40  bsp_can.o(.bss)
    CAN2_RxInstance                          0x2000116c   Data          40  bsp_can.o(.bss)
    BMI088_Info                              0x20001194   Data          60  bmi088.o(.bss)
    REFEREE_MultiRx_Buf                      0x200011d0   Data         200  referee_info.o(.bss)
    Referee_Info                             0x20001298   Data          39  referee_info.o(.bss)
    SBUS_MultiRx_Buf                         0x200012bf   Data          72  remote_control.o(.bss)
    KeyBoard_Info                            0x20001308   Data         108  remote_control.o(.bss)
    hcan1                                    0x200017c8   Data          40  can.o(.bss)
    hcan2                                    0x200017f0   Data          40  can.o(.bss)
    hspi1                                    0x20001818   Data          88  spi.o(.bss)
    htim10                                   0x20001870   Data          72  tim.o(.bss)
    huart1                                   0x200018b8   Data          68  usart.o(.bss)
    huart6                                   0x200018fc   Data          68  usart.o(.bss)
    hdma_usart1_rx                           0x20001940   Data          96  usart.o(.bss)
    hdma_usart1_tx                           0x200019a0   Data          96  usart.o(.bss)
    hdma_usart6_rx                           0x20001a00   Data          96  usart.o(.bss)
    hdma_usart6_tx                           0x20001a60   Data          96  usart.o(.bss)
    htim2                                    0x20001ac0   Data          72  stm32f4xx_hal_timebase_tim.o(.bss)
    __libspace_start                         0x20007bf8   Data          96  libspace.o(.bss)
    __temporary_stack_top$libspace           0x20007c58   Data           0  libspace.o(.bss)



==============================================================================

Memory Map of the image

  Image Entry point : 0x08000189

  Load Region LR_IROM1 (Base: 0x08000000, Size: 0x0000dc94, Max: 0x00100000, ABSOLUTE, COMPRESSED[0x0000d3ec])

    Execution Region ER_IROM1 (Exec base: 0x08000000, Load base: 0x08000000, Size: 0x0000d194, Max: 0x00100000, ABSOLUTE)

    Exec Addr    Load Addr    Size         Type   Attr      Idx    E Section Name        Object

    0x08000000   0x08000000   0x00000188   Data   RO         2667    RESET               startup_stm32f407xx.o
    0x08000188   0x08000188   0x00000008   Code   RO         7601  * !!!main             c_w.l(__main.o)
    0x08000190   0x08000190   0x00000034   Code   RO         8273    !!!scatter          c_w.l(__scatter.o)
    0x080001c4   0x080001c4   0x0000005a   Code   RO         8271    !!dczerorl2         c_w.l(__dczerorl2.o)
    0x0800021e   0x0800021e   0x00000002   PAD
    0x08000220   0x08000220   0x0000001c   Code   RO         8275    !!handler_zi        c_w.l(__scatter_zi.o)
    0x0800023c   0x0800023c   0x00000002   Code   RO         8179    .ARM.Collect$$libinit$$00000000  c_w.l(libinit.o)
    0x0800023e   0x0800023e   0x00000004   Code   RO         7848    .ARM.Collect$$libinit$$00000001  c_w.l(libinit2.o)
    0x08000242   0x08000242   0x00000000   Code   RO         7851    .ARM.Collect$$libinit$$00000004  c_w.l(libinit2.o)
    0x08000242   0x08000242   0x00000008   Code   RO         7852    .ARM.Collect$$libinit$$00000005  c_w.l(libinit2.o)
    0x0800024a   0x0800024a   0x00000000   Code   RO         7854    .ARM.Collect$$libinit$$0000000A  c_w.l(libinit2.o)
    0x0800024a   0x0800024a   0x00000000   Code   RO         7856    .ARM.Collect$$libinit$$0000000C  c_w.l(libinit2.o)
    0x0800024a   0x0800024a   0x00000000   Code   RO         7858    .ARM.Collect$$libinit$$0000000E  c_w.l(libinit2.o)
    0x0800024a   0x0800024a   0x00000000   Code   RO         7861    .ARM.Collect$$libinit$$00000011  c_w.l(libinit2.o)
    0x0800024a   0x0800024a   0x00000000   Code   RO         7863    .ARM.Collect$$libinit$$00000013  c_w.l(libinit2.o)
    0x0800024a   0x0800024a   0x00000000   Code   RO         7865    .ARM.Collect$$libinit$$00000015  c_w.l(libinit2.o)
    0x0800024a   0x0800024a   0x00000000   Code   RO         7867    .ARM.Collect$$libinit$$00000017  c_w.l(libinit2.o)
    0x0800024a   0x0800024a   0x00000000   Code   RO         7869    .ARM.Collect$$libinit$$00000019  c_w.l(libinit2.o)
    0x0800024a   0x0800024a   0x00000000   Code   RO         7871    .ARM.Collect$$libinit$$0000001B  c_w.l(libinit2.o)
    0x0800024a   0x0800024a   0x00000000   Code   RO         7873    .ARM.Collect$$libinit$$0000001D  c_w.l(libinit2.o)
    0x0800024a   0x0800024a   0x00000000   Code   RO         7875    .ARM.Collect$$libinit$$0000001F  c_w.l(libinit2.o)
    0x0800024a   0x0800024a   0x00000000   Code   RO         7877    .ARM.Collect$$libinit$$00000021  c_w.l(libinit2.o)
    0x0800024a   0x0800024a   0x00000000   Code   RO         7879    .ARM.Collect$$libinit$$00000023  c_w.l(libinit2.o)
    0x0800024a   0x0800024a   0x00000000   Code   RO         7881    .ARM.Collect$$libinit$$00000025  c_w.l(libinit2.o)
    0x0800024a   0x0800024a   0x00000000   Code   RO         7885    .ARM.Collect$$libinit$$0000002C  c_w.l(libinit2.o)
    0x0800024a   0x0800024a   0x00000000   Code   RO         7887    .ARM.Collect$$libinit$$0000002E  c_w.l(libinit2.o)
    0x0800024a   0x0800024a   0x00000000   Code   RO         7889    .ARM.Collect$$libinit$$00000030  c_w.l(libinit2.o)
    0x0800024a   0x0800024a   0x00000000   Code   RO         7891    .ARM.Collect$$libinit$$00000032  c_w.l(libinit2.o)
    0x0800024a   0x0800024a   0x00000002   Code   RO         7892    .ARM.Collect$$libinit$$00000033  c_w.l(libinit2.o)
    0x0800024c   0x0800024c   0x00000002   Code   RO         8268    .ARM.Collect$$libshutdown$$00000000  c_w.l(libshutdown.o)
    0x0800024e   0x0800024e   0x00000000   Code   RO         8181    .ARM.Collect$$libshutdown$$00000002  c_w.l(libshutdown2.o)
    0x0800024e   0x0800024e   0x00000000   Code   RO         8183    .ARM.Collect$$libshutdown$$00000004  c_w.l(libshutdown2.o)
    0x0800024e   0x0800024e   0x00000000   Code   RO         8185    .ARM.Collect$$libshutdown$$00000006  c_w.l(libshutdown2.o)
    0x0800024e   0x0800024e   0x00000000   Code   RO         8188    .ARM.Collect$$libshutdown$$00000009  c_w.l(libshutdown2.o)
    0x0800024e   0x0800024e   0x00000000   Code   RO         8191    .ARM.Collect$$libshutdown$$0000000C  c_w.l(libshutdown2.o)
    0x0800024e   0x0800024e   0x00000000   Code   RO         8193    .ARM.Collect$$libshutdown$$0000000E  c_w.l(libshutdown2.o)
    0x0800024e   0x0800024e   0x00000000   Code   RO         8196    .ARM.Collect$$libshutdown$$00000011  c_w.l(libshutdown2.o)
    0x0800024e   0x0800024e   0x00000002   Code   RO         8197    .ARM.Collect$$libshutdown$$00000012  c_w.l(libshutdown2.o)
    0x08000250   0x08000250   0x00000000   Code   RO         7751    .ARM.Collect$$rtentry$$00000000  c_w.l(__rtentry.o)
    0x08000250   0x08000250   0x00000000   Code   RO         8017    .ARM.Collect$$rtentry$$00000002  c_w.l(__rtentry2.o)
    0x08000250   0x08000250   0x00000006   Code   RO         8029    .ARM.Collect$$rtentry$$00000004  c_w.l(__rtentry4.o)
    0x08000256   0x08000256   0x00000000   Code   RO         8019    .ARM.Collect$$rtentry$$00000009  c_w.l(__rtentry2.o)
    0x08000256   0x08000256   0x00000004   Code   RO         8020    .ARM.Collect$$rtentry$$0000000A  c_w.l(__rtentry2.o)
    0x0800025a   0x0800025a   0x00000000   Code   RO         8022    .ARM.Collect$$rtentry$$0000000C  c_w.l(__rtentry2.o)
    0x0800025a   0x0800025a   0x00000008   Code   RO         8023    .ARM.Collect$$rtentry$$0000000D  c_w.l(__rtentry2.o)
    0x08000262   0x08000262   0x00000002   Code   RO         8202    .ARM.Collect$$rtexit$$00000000  c_w.l(rtexit.o)
    0x08000264   0x08000264   0x00000000   Code   RO         8236    .ARM.Collect$$rtexit$$00000002  c_w.l(rtexit2.o)
    0x08000264   0x08000264   0x00000004   Code   RO         8237    .ARM.Collect$$rtexit$$00000003  c_w.l(rtexit2.o)
    0x08000268   0x08000268   0x00000006   Code   RO         8238    .ARM.Collect$$rtexit$$00000004  c_w.l(rtexit2.o)
    0x0800026e   0x0800026e   0x00000002   PAD
    0x08000270   0x08000270   0x000000be   Code   RO         4009    .emb_text           port.o
    0x0800032e   0x0800032e   0x00000002   PAD
    0x08000330   0x08000330   0x00000000   Code   RO         8040    .emb_text           c_w.l(maybetermalloc1.o)
    0x08000330   0x08000330   0x00000040   Code   RO         2668    .text               startup_stm32f407xx.o
    0x08000370   0x08000370   0x00000078   Code   RO         7173    .text               arm_cortexM4lf_math.lib(arm_cos_f32.o)
    0x080003e8   0x080003e8   0x00000094   Code   RO         7223    .text               arm_cortexM4lf_math.lib(arm_sin_f32.o)
    0x0800047c   0x0800047c   0x00000108   Code   RO         7247    .text               arm_cortexM4lf_math.lib(arm_mat_add_f32.o)
    0x08000584   0x08000584   0x00000008   Code   RO         7271    .text               arm_cortexM4lf_math.lib(arm_mat_init_f32.o)
    0x0800058c   0x0800058c   0x00000530   Code   RO         7295    .text               arm_cortexM4lf_math.lib(arm_mat_inverse_f32.o)
    0x08000abc   0x08000abc   0x0000013c   Code   RO         7319    .text               arm_cortexM4lf_math.lib(arm_mat_mult_f32.o)
    0x08000bf8   0x08000bf8   0x00000108   Code   RO         7343    .text               arm_cortexM4lf_math.lib(arm_mat_sub_f32.o)
    0x08000d00   0x08000d00   0x00000114   Code   RO         7367    .text               arm_cortexM4lf_math.lib(arm_mat_trans_f32.o)
    0x08000e14   0x08000e14   0x0000005e   Code   RO         7474    .text               c_w.l(h1_alloc.o)
    0x08000e72   0x08000e72   0x000000ee   Code   RO         7528    .text               c_w.l(lludivv7m.o)
    0x08000f60   0x08000f60   0x00000064   Code   RO         7589    .text               c_w.l(rt_memcpy_w.o)
    0x08000fc4   0x08000fc4   0x00000010   Code   RO         7593    .text               c_w.l(aeabi_memset.o)
    0x08000fd4   0x08000fd4   0x00000044   Code   RO         7595    .text               c_w.l(rt_memclr.o)
    0x08001018   0x08001018   0x0000004e   Code   RO         7597    .text               c_w.l(rt_memclr_w.o)
    0x08001066   0x08001066   0x00000006   Code   RO         7599    .text               c_w.l(heapauxi.o)
    0x0800106c   0x0800106c   0x00000008   Code   RO         7759    .text               c_w.l(rt_heap_descriptor_intlibspace.o)
    0x08001074   0x08001074   0x00000004   Code   RO         7761    .text               c_w.l(hguard.o)
    0x08001078   0x08001078   0x0000008a   Code   RO         7763    .text               c_w.l(init_alloc.o)
    0x08001102   0x08001102   0x0000000e   Code   RO         7769    .text               c_w.l(h1_init.o)
    0x08001110   0x08001110   0x0000004e   Code   RO         7771    .text               c_w.l(h1_free.o)
    0x0800115e   0x0800115e   0x00000016   Code   RO         7787    .text               c_w.l(_rserrno.o)
    0x08001174   0x08001174   0x00000008   Code   RO         8013    .text               c_w.l(libspace.o)
    0x0800117c   0x0800117c   0x00000008   Code   RO         8036    .text               c_w.l(rt_errno_addr_intlibspace.o)
    0x08001184   0x08001184   0x00000034   Code   RO         8042    .text               c_w.l(h1_extend.o)
    0x080011b8   0x080011b8   0x00000030   Code   RO         8048    .text               c_w.l(_fptrap.o)
    0x080011e8   0x080011e8   0x0000000e   Code   RO         8077    .text               c_w.l(defsig_rtmem_outer.o)
    0x080011f6   0x080011f6   0x00000002   Code   RO         8097    .text               c_w.l(use_no_semi.o)
    0x080011f8   0x080011f8   0x00000000   Code   RO         8099    .text               c_w.l(indicate_semi.o)
    0x080011f8   0x080011f8   0x0000004a   Code   RO         8100    .text               c_w.l(sys_stackheap_outer.o)
    0x08001242   0x08001242   0x00000012   Code   RO         8156    .text               c_w.l(exit.o)
    0x08001254   0x08001254   0x0000000a   Code   RO         8158    .text               c_w.l(defsig_exit.o)
    0x0800125e   0x0800125e   0x0000000e   Code   RO         8160    .text               c_w.l(defsig_fpe_outer.o)
    0x0800126c   0x0800126c   0x00000050   Code   RO         8168    .text               c_w.l(defsig_rtmem_inner.o)
    0x080012bc   0x080012bc   0x0000000c   Code   RO         8200    .text               c_w.l(sys_exit.o)
    0x080012c8   0x080012c8   0x00000032   Code   RO         8223    .text               c_w.l(defsig_general.o)
    0x080012fa   0x080012fa   0x00000002   PAD
    0x080012fc   0x080012fc   0x000000ac   Code   RO         8225    .text               c_w.l(defsig_fpe_inner.o)
    0x080013a8   0x080013a8   0x0000000e   Code   RO         8233    .text               c_w.l(sys_wrch.o)
    0x080013b6   0x080013b6   0x00000002   PAD
    0x080013b8   0x080013b8   0x00000010   Code   RO          787    i.BMI088_ACCEL_NS_H  bsp_gpio.o
    0x080013c8   0x080013c8   0x00000010   Code   RO          788    i.BMI088_ACCEL_NS_L  bsp_gpio.o
    0x080013d8   0x080013d8   0x0000010c   Code   RO         1371    i.BMI088_Accel_Init  bmi088.o
    0x080014e4   0x080014e4   0x00000010   Code   RO          789    i.BMI088_GYRO_NS_H  bsp_gpio.o
    0x080014f4   0x080014f4   0x00000010   Code   RO          790    i.BMI088_GYRO_NS_L  bsp_gpio.o
    0x08001504   0x08001504   0x000000dc   Code   RO         1372    i.BMI088_Gyro_Init  bmi088.o
    0x080015e0   0x080015e0   0x00000170   Code   RO         1373    i.BMI088_Info_Update  bmi088.o
    0x08001750   0x08001750   0x0000002c   Code   RO         1374    i.BMI088_Init       bmi088.o
    0x0800177c   0x0800177c   0x0000002c   Code   RO         1375    i.BMI088_Offset_Update  bmi088.o
    0x080017a8   0x080017a8   0x00000024   Code   RO         1376    i.BMI088_Read_Multi_Reg  bmi088.o
    0x080017cc   0x080017cc   0x00000016   Code   RO         1377    i.BMI088_Read_Single_Reg  bmi088.o
    0x080017e2   0x080017e2   0x00000002   PAD
    0x080017e4   0x080017e4   0x00000024   Code   RO          933    i.BMI088_Read_Write_Byte  bsp_spi.o
    0x08001808   0x08001808   0x00000068   Code   RO          660    i.BMI088_Temp_Control  ins_task.o
    0x08001870   0x08001870   0x00000012   Code   RO         1378    i.BMI088_Write_Single_Reg  bmi088.o
    0x08001882   0x08001882   0x00000002   PAD
    0x08001884   0x08001884   0x00000088   Code   RO          711    i.BSP_CAN_Init      bsp_can.o
    0x0800190c   0x0800190c   0x00000020   Code   RO         1041    i.BSP_USART_Init    bsp_uart.o
    0x0800192c   0x0800192c   0x0000000c   Code   RO         1002    i.Bsp_Tim_Init      bsp_tim.o
    0x08001938   0x08001938   0x00000002   Code   RO         2487    i.BusFault_Handler  stm32f4xx_it.o
    0x0800193a   0x0800193a   0x00000002   PAD
    0x0800193c   0x0800193c   0x0000000c   Code   RO         2488    i.CAN1_RX0_IRQHandler  stm32f4xx_it.o
    0x08001948   0x08001948   0x00000108   Code   RO          712    i.CAN1_RxFifo0RxHandler  bsp_can.o
    0x08001a50   0x08001a50   0x0000000c   Code   RO         2489    i.CAN2_RX1_IRQHandler  stm32f4xx_it.o
    0x08001a5c   0x08001a5c   0x000000b4   Code   RO          713    i.CAN2_RxFifo1RxHandler  bsp_can.o
    0x08001b10   0x08001b10   0x000000e8   Code   RO          161    i.CAN_Task          can_task.o
    0x08001bf8   0x08001bf8   0x000000ac   Code   RO          162    i.Check_Damiao_Motor_Online  can_task.o
    0x08001ca4   0x08001ca4   0x0000005c   Code   RO          163    i.Check_LK_Motor_Online  can_task.o
    0x08001d00   0x08001d00   0x00000028   Code   RO          164    i.Check_Motor_Online  can_task.o
    0x08001d28   0x08001d28   0x00000298   Code   RO          425    i.Control_Comprehensive_F_Calculate  control_task.o
    0x08001fc0   0x08001fc0   0x0000022c   Code   RO          426    i.Control_Init      control_task.o
    0x080021ec   0x080021ec   0x0000062c   Code   RO          427    i.Control_LQR_K_Update  control_task.o
    0x08002818   0x08002818   0x000003e0   Code   RO          428    i.Control_LQR_Stand_T_Balance_Tp_Calculate  control_task.o
    0x08002bf8   0x08002bf8   0x00000118   Code   RO          429    i.Control_LQR_X_Update  control_task.o
    0x08002d10   0x08002d10   0x00000304   Code   RO          430    i.Control_Measure_Update  control_task.o
    0x08003014   0x08003014   0x000000d4   Code   RO          431    i.Control_Support_Calculate  control_task.o
    0x080030e8   0x080030e8   0x0000031c   Code   RO          432    i.Control_T_Tp_F_Calculate  control_task.o
    0x08003404   0x08003404   0x00000480   Code   RO          433    i.Control_Target_Update  control_task.o
    0x08003884   0x08003884   0x00000114   Code   RO          434    i.Control_Task      control_task.o
    0x08003998   0x08003998   0x00000024   Code   RO         1432    i.DJI_Motor_ErrorHandler  motor.o
    0x080039bc   0x080039bc   0x000000b0   Code   RO         1433    i.DJI_Motor_Info_Update  motor.o
    0x08003a6c   0x08003a6c   0x0000000c   Code   RO         2490    i.DMA2_Stream2_IRQHandler  stm32f4xx_it.o
    0x08003a78   0x08003a78   0x0000000c   Code   RO         2491    i.DMA2_Stream5_IRQHandler  stm32f4xx_it.o
    0x08003a84   0x08003a84   0x0000000c   Code   RO         2492    i.DMA2_Stream6_IRQHandler  stm32f4xx_it.o
    0x08003a90   0x08003a90   0x0000000c   Code   RO         2493    i.DMA2_Stream7_IRQHandler  stm32f4xx_it.o
    0x08003a9c   0x08003a9c   0x0000002c   Code   RO         4827    i.DMA_CalcBaseAndBitshift  stm32f4xx_hal_dma.o
    0x08003ac8   0x08003ac8   0x00000078   Code   RO         4828    i.DMA_CheckFifoParam  stm32f4xx_hal_dma.o
    0x08003b40   0x08003b40   0x000000f0   Code   RO         1434    i.Damiao_Motor_CAN_Send  motor.o
    0x08003c30   0x08003c30   0x00000030   Code   RO         1436    i.Damiao_Motor_Enable  motor.o
    0x08003c60   0x08003c60   0x000000b8   Code   RO         1437    i.Damiao_Motor_Info_Update  motor.o
    0x08003d18   0x08003d18   0x00000002   Code   RO         2494    i.DebugMon_Handler  stm32f4xx_it.o
    0x08003d1a   0x08003d1a   0x00000016   Code   RO          964    i.Delay_ms          bsp_tick.o
    0x08003d30   0x08003d30   0x00000016   Code   RO          965    i.Delay_us          bsp_tick.o
    0x08003d46   0x08003d46   0x0000000c   Code   RO          572    i.Detect_Task       detect_task.o
    0x08003d52   0x08003d52   0x00000006   Code   RO         2495    i.EXTI9_5_IRQHandler  stm32f4xx_it.o
    0x08003d58   0x08003d58   0x00000004   Code   RO         2144    i.Error_Handler     main.o
    0x08003d5c   0x08003d5c   0x0000002c   Code   RO            4    i.Fast_InverseSqrt  api_quaternion.o
    0x08003d88   0x08003d88   0x00000024   Code   RO         4090    i.HAL_CAN_ActivateNotification  stm32f4xx_hal_can.o
    0x08003dac   0x08003dac   0x000000f2   Code   RO         4091    i.HAL_CAN_AddTxMessage  stm32f4xx_hal_can.o
    0x08003e9e   0x08003e9e   0x00000002   PAD
    0x08003ea0   0x08003ea0   0x00000110   Code   RO         4092    i.HAL_CAN_ConfigFilter  stm32f4xx_hal_can.o
    0x08003fb0   0x08003fb0   0x00000002   Code   RO         4095    i.HAL_CAN_ErrorCallback  stm32f4xx_hal_can.o
    0x08003fb2   0x08003fb2   0x00000106   Code   RO         4098    i.HAL_CAN_GetRxMessage  stm32f4xx_hal_can.o
    0x080040b8   0x080040b8   0x000001fc   Code   RO         4102    i.HAL_CAN_IRQHandler  stm32f4xx_hal_can.o
    0x080042b4   0x080042b4   0x00000152   Code   RO         4103    i.HAL_CAN_Init      stm32f4xx_hal_can.o
    0x08004406   0x08004406   0x00000002   PAD
    0x08004408   0x08004408   0x00000100   Code   RO         2277    i.HAL_CAN_MspInit   can.o
    0x08004508   0x08004508   0x00000002   Code   RO         4110    i.HAL_CAN_RxFifo0FullCallback  stm32f4xx_hal_can.o
    0x0800450a   0x0800450a   0x00000002   PAD
    0x0800450c   0x0800450c   0x00000024   Code   RO          714    i.HAL_CAN_RxFifo0MsgPendingCallback  bsp_can.o
    0x08004530   0x08004530   0x00000002   Code   RO         4112    i.HAL_CAN_RxFifo1FullCallback  stm32f4xx_hal_can.o
    0x08004532   0x08004532   0x00000002   PAD
    0x08004534   0x08004534   0x00000024   Code   RO          715    i.HAL_CAN_RxFifo1MsgPendingCallback  bsp_can.o
    0x08004558   0x08004558   0x00000002   Code   RO         4114    i.HAL_CAN_SleepCallback  stm32f4xx_hal_can.o
    0x0800455a   0x0800455a   0x00000058   Code   RO         4115    i.HAL_CAN_Start     stm32f4xx_hal_can.o
    0x080045b2   0x080045b2   0x00000002   Code   RO         4117    i.HAL_CAN_TxMailbox0AbortCallback  stm32f4xx_hal_can.o
    0x080045b4   0x080045b4   0x00000002   Code   RO         4118    i.HAL_CAN_TxMailbox0CompleteCallback  stm32f4xx_hal_can.o
    0x080045b6   0x080045b6   0x00000002   Code   RO         4119    i.HAL_CAN_TxMailbox1AbortCallback  stm32f4xx_hal_can.o
    0x080045b8   0x080045b8   0x00000002   Code   RO         4120    i.HAL_CAN_TxMailbox1CompleteCallback  stm32f4xx_hal_can.o
    0x080045ba   0x080045ba   0x00000002   Code   RO         4121    i.HAL_CAN_TxMailbox2AbortCallback  stm32f4xx_hal_can.o
    0x080045bc   0x080045bc   0x00000002   Code   RO         4122    i.HAL_CAN_TxMailbox2CompleteCallback  stm32f4xx_hal_can.o
    0x080045be   0x080045be   0x00000002   Code   RO         4124    i.HAL_CAN_WakeUpFromRxMsgCallback  stm32f4xx_hal_can.o
    0x080045c0   0x080045c0   0x0000008e   Code   RO         4830    i.HAL_DMA_Abort     stm32f4xx_hal_dma.o
    0x0800464e   0x0800464e   0x00000024   Code   RO         4831    i.HAL_DMA_Abort_IT  stm32f4xx_hal_dma.o
    0x08004672   0x08004672   0x00000002   PAD
    0x08004674   0x08004674   0x000001d0   Code   RO         4835    i.HAL_DMA_IRQHandler  stm32f4xx_hal_dma.o
    0x08004844   0x08004844   0x000000d4   Code   RO         4836    i.HAL_DMA_Init      stm32f4xx_hal_dma.o
    0x08004918   0x08004918   0x00000002   Code   RO         4721    i.HAL_GPIO_EXTI_Callback  stm32f4xx_hal_gpio.o
    0x0800491a   0x0800491a   0x00000002   PAD
    0x0800491c   0x0800491c   0x00000018   Code   RO         4722    i.HAL_GPIO_EXTI_IRQHandler  stm32f4xx_hal_gpio.o
    0x08004934   0x08004934   0x000001d0   Code   RO         4723    i.HAL_GPIO_Init     stm32f4xx_hal_gpio.o
    0x08004b04   0x08004b04   0x0000000e   Code   RO         4727    i.HAL_GPIO_WritePin  stm32f4xx_hal_gpio.o
    0x08004b12   0x08004b12   0x00000002   PAD
    0x08004b14   0x08004b14   0x0000000c   Code   RO         5255    i.HAL_GetTick       stm32f4xx_hal.o
    0x08004b20   0x08004b20   0x00000010   Code   RO         5261    i.HAL_IncTick       stm32f4xx_hal.o
    0x08004b30   0x08004b30   0x00000034   Code   RO         5262    i.HAL_Init          stm32f4xx_hal.o
    0x08004b64   0x08004b64   0x00000098   Code   RO         2629    i.HAL_InitTick      stm32f4xx_hal_timebase_tim.o
    0x08004bfc   0x08004bfc   0x00000038   Code   RO         2605    i.HAL_MspInit       stm32f4xx_hal_msp.o
    0x08004c34   0x08004c34   0x0000001a   Code   RO         5112    i.HAL_NVIC_EnableIRQ  stm32f4xx_hal_cortex.o
    0x08004c4e   0x08004c4e   0x00000002   PAD
    0x08004c50   0x08004c50   0x00000040   Code   RO         5118    i.HAL_NVIC_SetPriority  stm32f4xx_hal_cortex.o
    0x08004c90   0x08004c90   0x00000024   Code   RO         5119    i.HAL_NVIC_SetPriorityGrouping  stm32f4xx_hal_cortex.o
    0x08004cb4   0x08004cb4   0x00000002   Code   RO         4323    i.HAL_RCC_CSSCallback  stm32f4xx_hal_rcc.o
    0x08004cb6   0x08004cb6   0x00000002   PAD
    0x08004cb8   0x08004cb8   0x0000014c   Code   RO         4324    i.HAL_RCC_ClockConfig  stm32f4xx_hal_rcc.o
    0x08004e04   0x08004e04   0x0000000c   Code   RO         4327    i.HAL_RCC_EnableCSS  stm32f4xx_hal_rcc.o
    0x08004e10   0x08004e10   0x0000003c   Code   RO         4328    i.HAL_RCC_GetClockConfig  stm32f4xx_hal_rcc.o
    0x08004e4c   0x08004e4c   0x0000000c   Code   RO         4329    i.HAL_RCC_GetHCLKFreq  stm32f4xx_hal_rcc.o
    0x08004e58   0x08004e58   0x00000020   Code   RO         4331    i.HAL_RCC_GetPCLK1Freq  stm32f4xx_hal_rcc.o
    0x08004e78   0x08004e78   0x00000020   Code   RO         4332    i.HAL_RCC_GetPCLK2Freq  stm32f4xx_hal_rcc.o
    0x08004e98   0x08004e98   0x0000006c   Code   RO         4333    i.HAL_RCC_GetSysClockFreq  stm32f4xx_hal_rcc.o
    0x08004f04   0x08004f04   0x0000001c   Code   RO         4335    i.HAL_RCC_NMI_IRQHandler  stm32f4xx_hal_rcc.o
    0x08004f20   0x08004f20   0x000003c0   Code   RO         4336    i.HAL_RCC_OscConfig  stm32f4xx_hal_rcc.o
    0x080052e0   0x080052e0   0x000000be   Code   RO         5511    i.HAL_SPI_Init      stm32f4xx_hal_spi.o
    0x0800539e   0x0800539e   0x00000002   PAD
    0x080053a0   0x080053a0   0x00000090   Code   RO         2350    i.HAL_SPI_MspInit   spi.o
    0x08005430   0x08005430   0x000001e4   Code   RO         5520    i.HAL_SPI_TransmitReceive  stm32f4xx_hal_spi.o
    0x08005614   0x08005614   0x00000002   Code   RO         6539    i.HAL_TIMEx_BreakCallback  stm32f4xx_hal_tim_ex.o
    0x08005616   0x08005616   0x00000002   Code   RO         6540    i.HAL_TIMEx_CommutCallback  stm32f4xx_hal_tim_ex.o
    0x08005618   0x08005618   0x0000004a   Code   RO         5824    i.HAL_TIM_Base_Init  stm32f4xx_hal_tim.o
    0x08005662   0x08005662   0x00000002   PAD
    0x08005664   0x08005664   0x00000028   Code   RO         2392    i.HAL_TIM_Base_MspInit  tim.o
    0x0800568c   0x0800568c   0x0000008c   Code   RO         5829    i.HAL_TIM_Base_Start_IT  stm32f4xx_hal_tim.o
    0x08005718   0x08005718   0x00000002   Code   RO         5858    i.HAL_TIM_IC_CaptureCallback  stm32f4xx_hal_tim.o
    0x0800571a   0x0800571a   0x0000016e   Code   RO         5872    i.HAL_TIM_IRQHandler  stm32f4xx_hal_tim.o
    0x08005888   0x08005888   0x00000054   Code   RO         2393    i.HAL_TIM_MspPostInit  tim.o
    0x080058dc   0x080058dc   0x00000002   Code   RO         5875    i.HAL_TIM_OC_DelayElapsedCallback  stm32f4xx_hal_tim.o
    0x080058de   0x080058de   0x000000d8   Code   RO         5896    i.HAL_TIM_PWM_ConfigChannel  stm32f4xx_hal_tim.o
    0x080059b6   0x080059b6   0x0000004a   Code   RO         5899    i.HAL_TIM_PWM_Init  stm32f4xx_hal_tim.o
    0x08005a00   0x08005a00   0x00000002   Code   RO         5901    i.HAL_TIM_PWM_MspInit  stm32f4xx_hal_tim.o
    0x08005a02   0x08005a02   0x00000002   Code   RO         5902    i.HAL_TIM_PWM_PulseFinishedCallback  stm32f4xx_hal_tim.o
    0x08005a04   0x08005a04   0x000000dc   Code   RO         5904    i.HAL_TIM_PWM_Start  stm32f4xx_hal_tim.o
    0x08005ae0   0x08005ae0   0x0000000e   Code   RO         2145    i.HAL_TIM_PeriodElapsedCallback  main.o
    0x08005aee   0x08005aee   0x00000002   Code   RO         5915    i.HAL_TIM_TriggerCallback  stm32f4xx_hal_tim.o
    0x08005af0   0x08005af0   0x00000050   Code   RO         1042    i.HAL_UARTEx_RxEventCallback  bsp_uart.o
    0x08005b40   0x08005b40   0x00000002   Code   RO         6831    i.HAL_UART_ErrorCallback  stm32f4xx_hal_uart.o
    0x08005b42   0x08005b42   0x00000002   PAD
    0x08005b44   0x08005b44   0x00000228   Code   RO         6834    i.HAL_UART_IRQHandler  stm32f4xx_hal_uart.o
    0x08005d6c   0x08005d6c   0x00000064   Code   RO         6835    i.HAL_UART_Init     stm32f4xx_hal_uart.o
    0x08005dd0   0x08005dd0   0x000001e4   Code   RO         2440    i.HAL_UART_MspInit  usart.o
    0x08005fb4   0x08005fb4   0x00000002   Code   RO         6841    i.HAL_UART_RxCpltCallback  stm32f4xx_hal_uart.o
    0x08005fb6   0x08005fb6   0x00000002   Code   RO         6846    i.HAL_UART_TxCpltCallback  stm32f4xx_hal_uart.o
    0x08005fb8   0x08005fb8   0x0000001a   Code   RO          966    i.Haltick           bsp_tick.o
    0x08005fd2   0x08005fd2   0x00000002   Code   RO         2496    i.HardFault_Handler  stm32f4xx_it.o
    0x08005fd4   0x08005fd4   0x00000010   Code   RO         1003    i.Heat_Power_Control  bsp_tim.o
    0x08005fe4   0x08005fe4   0x00000060   Code   RO          661    i.INSTask_Init      ins_task.o
    0x08006044   0x08006044   0x0000016c   Code   RO          662    i.INS_Task          ins_task.o
    0x080061b0   0x080061b0   0x00000118   Code   RO          435    i.Jump              control_task.o
    0x080062c8   0x080062c8   0x0000036a   Code   RO         1160    i.Kalman_Filter_Init  kalman.o
    0x08006632   0x08006632   0x000000c0   Code   RO         1161    i.Kalman_Filter_K_Update  kalman.o
    0x080066f2   0x080066f2   0x0000003a   Code   RO         1162    i.Kalman_Filter_Measurement_Update  kalman.o
    0x0800672c   0x0800672c   0x00000068   Code   RO         1163    i.Kalman_Filter_P_Update  kalman.o
    0x08006794   0x08006794   0x0000006a   Code   RO         1164    i.Kalman_Filter_Pminus_Update  kalman.o
    0x080067fe   0x080067fe   0x00000086   Code   RO         1165    i.Kalman_Filter_Update  kalman.o
    0x08006884   0x08006884   0x00000080   Code   RO         1166    i.Kalman_Filter_xhat_Update  kalman.o
    0x08006904   0x08006904   0x00000074   Code   RO         1167    i.Kalman_Filter_xhatminus_Update  kalman.o
    0x08006978   0x08006978   0x00000038   Code   RO         1564    i.Key_A             remote_control.o
    0x080069b0   0x080069b0   0x00000038   Code   RO         1567    i.Key_D             remote_control.o
    0x080069e8   0x080069e8   0x00000038   Code   RO         1570    i.Key_S             remote_control.o
    0x08006a20   0x08006a20   0x00000072   Code   RO         1572    i.Key_Status_Update  remote_control.o
    0x08006a92   0x08006a92   0x00000002   PAD
    0x08006a94   0x08006a94   0x00000038   Code   RO         1573    i.Key_W             remote_control.o
    0x08006acc   0x08006acc   0x00000050   Code   RO         1438    i.LK_Motor_Info_Update  motor.o
    0x08006b1c   0x08006b1c   0x00000012   Code   RO          436    i.Level_Info_Update  control_task.o
    0x08006b2e   0x08006b2e   0x00000002   PAD
    0x08006b30   0x08006b30   0x0000001c   Code   RO         1217    i.LowPassFilter1p_Init  lpf.o
    0x08006b4c   0x08006b4c   0x00000024   Code   RO         1219    i.LowPassFilter2p_Init  lpf.o
    0x08006b70   0x08006b70   0x0000004c   Code   RO         1220    i.LowPassFilter2p_Update  lpf.o
    0x08006bbc   0x08006bbc   0x00000016   Code   RO          906    i.MCU_Init          bsp_mcu.o
    0x08006bd2   0x08006bd2   0x00000002   PAD
    0x08006bd4   0x08006bd4   0x00000048   Code   RO         2278    i.MX_CAN1_Init      can.o
    0x08006c1c   0x08006c1c   0x00000048   Code   RO         2279    i.MX_CAN2_Init      can.o
    0x08006c64   0x08006c64   0x0000005c   Code   RO         2325    i.MX_DMA_Init       dma.o
    0x08006cc0   0x08006cc0   0x00000068   Code   RO         2220    i.MX_FREERTOS_Init  freertos.o
    0x08006d28   0x08006d28   0x00000110   Code   RO         2192    i.MX_GPIO_Init      gpio.o
    0x08006e38   0x08006e38   0x00000048   Code   RO         2351    i.MX_SPI1_Init      spi.o
    0x08006e80   0x08006e80   0x00000068   Code   RO         2394    i.MX_TIM10_Init     tim.o
    0x08006ee8   0x08006ee8   0x0000003c   Code   RO         2441    i.MX_USART1_UART_Init  usart.o
    0x08006f24   0x08006f24   0x00000038   Code   RO         2442    i.MX_USART6_UART_Init  usart.o
    0x08006f5c   0x08006f5c   0x00000002   Code   RO         2497    i.MemManage_Handler  stm32f4xx_it.o
    0x08006f5e   0x08006f5e   0x00000002   PAD
    0x08006f60   0x08006f60   0x000000c4   Code   RO          165    i.Motor_Leg_Adjust  can_task.o
    0x08007024   0x08007024   0x00000180   Code   RO          166    i.Motor_Move        can_task.o
    0x080071a4   0x080071a4   0x00000110   Code   RO          167    i.Motor_Slip        can_task.o
    0x080072b4   0x080072b4   0x000000d4   Code   RO          168    i.Motor_Torgue      can_task.o
    0x08007388   0x08007388   0x000000c4   Code   RO          169    i.Motor_Week        can_task.o
    0x0800744c   0x0800744c   0x000000e8   Code   RO          170    i.Motor_init        can_task.o
    0x08007534   0x08007534   0x00000006   Code   RO         2498    i.NMI_Handler       stm32f4xx_it.o
    0x0800753a   0x0800753a   0x00000002   PAD
    0x0800753c   0x0800753c   0x00000028   Code   RO         1334    i.PID_Calc_Clear    pid.o
    0x08007564   0x08007564   0x0000002c   Code   RO         1335    i.PID_ErrorHandle   pid.o
    0x08007590   0x08007590   0x0000002c   Code   RO         1336    i.PID_Init          pid.o
    0x080075bc   0x080075bc   0x00000046   Code   RO         1337    i.PID_Param_Init    pid.o
    0x08007602   0x08007602   0x0000000e   Code   RO          437    i.Power_Limit       control_task.o
    0x08007610   0x08007610   0x000001a4   Code   RO            5    i.QuaternionEKF_A_Update  api_quaternion.o
    0x080077b4   0x080077b4   0x00000138   Code   RO            6    i.QuaternionEKF_ChiSqrtTest  api_quaternion.o
    0x080078ec   0x080078ec   0x000000e6   Code   RO            7    i.QuaternionEKF_H_Update  api_quaternion.o
    0x080079d2   0x080079d2   0x00000002   PAD
    0x080079d4   0x080079d4   0x000000bc   Code   RO            8    i.QuaternionEKF_Init  api_quaternion.o
    0x08007a90   0x08007a90   0x00000340   Code   RO            9    i.QuaternionEKF_Update  api_quaternion.o
    0x08007dd0   0x08007dd0   0x000002bc   Code   RO           10    i.QuaternionEKF_xhat_Update  api_quaternion.o
    0x0800808c   0x0800808c   0x0000005c   Code   RO         1527    i.Referee_Frame_Update  referee_info.o
    0x080080e8   0x080080e8   0x000000c0   Code   RO          171    i.Referee_Info_Report  can_task.o
    0x080081a8   0x080081a8   0x00000118   Code   RO         1528    i.Referee_Info_Update  referee_info.o
    0x080082c0   0x080082c0   0x000000c8   Code   RO         1577    i.SBUS_TO_RC        remote_control.o
    0x08008388   0x08008388   0x0000005c   Code   RO         5549    i.SPI_EndRxTxTransaction  stm32f4xx_hal_spi.o
    0x080083e4   0x080083e4   0x000000bc   Code   RO         5554    i.SPI_WaitFlagStateUntilTimeout  stm32f4xx_hal_spi.o
    0x080084a0   0x080084a0   0x000000a0   Code   RO          172    i.Super_Cap_Info_Report  can_task.o
    0x08008540   0x08008540   0x0000002c   Code   RO         4010    i.SysTick_Handler   port.o
    0x0800856c   0x0800856c   0x00000098   Code   RO         2146    i.SystemClock_Config  main.o
    0x08008604   0x08008604   0x00000010   Code   RO         2676    i.SystemInit        system_stm32f4xx.o
    0x08008614   0x08008614   0x0000000c   Code   RO         2499    i.TIM2_IRQHandler   stm32f4xx_it.o
    0x08008620   0x08008620   0x000000cc   Code   RO         5917    i.TIM_Base_SetConfig  stm32f4xx_hal_tim.o
    0x080086ec   0x080086ec   0x0000001a   Code   RO         5918    i.TIM_CCxChannelCmd  stm32f4xx_hal_tim.o
    0x08008706   0x08008706   0x00000002   PAD
    0x08008708   0x08008708   0x00000068   Code   RO         5930    i.TIM_OC1_SetConfig  stm32f4xx_hal_tim.o
    0x08008770   0x08008770   0x00000074   Code   RO         5931    i.TIM_OC2_SetConfig  stm32f4xx_hal_tim.o
    0x080087e4   0x080087e4   0x00000070   Code   RO         5932    i.TIM_OC3_SetConfig  stm32f4xx_hal_tim.o
    0x08008854   0x08008854   0x00000054   Code   RO         5933    i.TIM_OC4_SetConfig  stm32f4xx_hal_tim.o
    0x080088a8   0x080088a8   0x00000010   Code   RO         6848    i.UART_DMAAbortOnError  stm32f4xx_hal_uart.o
    0x080088b8   0x080088b8   0x0000004e   Code   RO         6858    i.UART_EndRxTransfer  stm32f4xx_hal_uart.o
    0x08008906   0x08008906   0x0000001a   Code   RO         6859    i.UART_EndTransmit_IT  stm32f4xx_hal_uart.o
    0x08008920   0x08008920   0x000000c6   Code   RO         6861    i.UART_Receive_IT   stm32f4xx_hal_uart.o
    0x080089e6   0x080089e6   0x00000002   PAD
    0x080089e8   0x080089e8   0x00000114   Code   RO         6862    i.UART_SetConfig    stm32f4xx_hal_uart.o
    0x08008afc   0x08008afc   0x0000005e   Code   RO         6865    i.UART_Transmit_IT  stm32f4xx_hal_uart.o
    0x08008b5a   0x08008b5a   0x00000002   PAD
    0x08008b5c   0x08008b5c   0x0000000c   Code   RO         2500    i.USART1_IRQHandler  stm32f4xx_it.o
    0x08008b68   0x08008b68   0x0000000c   Code   RO         2501    i.USART6_IRQHandler  stm32f4xx_it.o
    0x08008b74   0x08008b74   0x00000074   Code   RO         1043    i.USART_RxDMA_MultiBufferStart  bsp_uart.o
    0x08008be8   0x08008be8   0x00000018   Code   RO          716    i.USER_CAN_TxMessage  bsp_can.o
    0x08008c00   0x08008c00   0x00000070   Code   RO         1044    i.USER_USART3_RxHandler  bsp_uart.o
    0x08008c70   0x08008c70   0x00000078   Code   RO         1045    i.USER_USART6_RxHandler  bsp_uart.o
    0x08008ce8   0x08008ce8   0x00000002   Code   RO         2502    i.UsageFault_Handler  stm32f4xx_it.o
    0x08008cea   0x08008cea   0x00000028   Code   RO         1004    i.User_Tim_SetCompare  bsp_tim.o
    0x08008d12   0x08008d12   0x00000002   PAD
    0x08008d14   0x08008d14   0x00000364   Code   RO          438    i.VMC_Calculate     control_task.o
    0x08009078   0x08009078   0x000001f4   Code   RO          439    i.VMC_F_Tp_To_Joint_Calculate  control_task.o
    0x0800926c   0x0800926c   0x000001e8   Code   RO          440    i.VMC_Measure_F_Tp_Calculate  control_task.o
    0x08009454   0x08009454   0x00000026   Code   RO         7969    i.__ARM_fpclassifyf  m_wm.l(fpclassifyf.o)
    0x0800947a   0x0800947a   0x00000020   Code   RO         5125    i.__NVIC_SetPriority  stm32f4xx_hal_cortex.o
    0x0800949a   0x0800949a   0x00000002   PAD
    0x0800949c   0x0800949c   0x00000118   Code   RO         7629    i.__hardfp_acosf    m_wm.l(acosf.o)
    0x080095b4   0x080095b4   0x0000012c   Code   RO         7641    i.__hardfp_asinf    m_wm.l(asinf.o)
    0x080096e0   0x080096e0   0x000002ac   Code   RO         7665    i.__hardfp_atan2f   m_wm.l(atan2f.o)
    0x0800998c   0x0800998c   0x00000014   Code   RO         7703    i.__hardfp_fabs     m_wm.l(fabs.o)
    0x080099a0   0x080099a0   0x00000664   Code   RO         7723    i.__hardfp_powf     m_wm.l(powf.o)
    0x0800a004   0x0800a004   0x00000014   Code   RO         7971    i.__mathlib_flt_divzero  m_wm.l(funder.o)
    0x0800a018   0x0800a018   0x00000006   Code   RO         7972    i.__mathlib_flt_infnan  m_wm.l(funder.o)
    0x0800a01e   0x0800a01e   0x00000006   Code   RO         7973    i.__mathlib_flt_infnan2  m_wm.l(funder.o)
    0x0800a024   0x0800a024   0x00000010   Code   RO         7974    i.__mathlib_flt_invalid  m_wm.l(funder.o)
    0x0800a034   0x0800a034   0x00000010   Code   RO         7975    i.__mathlib_flt_overflow  m_wm.l(funder.o)
    0x0800a044   0x0800a044   0x00000010   Code   RO         7977    i.__mathlib_flt_underflow  m_wm.l(funder.o)
    0x0800a054   0x0800a054   0x00000014   Code   RO         1529    i.bit8TObit16       referee_info.o
    0x0800a068   0x0800a068   0x00000020   Code   RO         1530    i.bit8TOfloat32     referee_info.o
    0x0800a088   0x0800a088   0x0000010c   Code   RO         1439    i.encoder_to_angle  motor.o
    0x0800a194   0x0800a194   0x000000c0   Code   RO         1440    i.encoder_to_anglesum  motor.o
    0x0800a254   0x0800a254   0x0000018c   Code   RO         1338    i.f_PID_Calculate   pid.o
    0x0800a3e0   0x0800a3e0   0x0000003e   Code   RO         1274    i.f_Ramp_Calc       ramp.o
    0x0800a41e   0x0800a41e   0x00000042   Code   RO         1441    i.f_loop_constrain  motor.o
    0x0800a460   0x0800a460   0x00000028   Code   RO         1442    i.float_to_uint     motor.o
    0x0800a488   0x0800a488   0x00000030   Code   RO         1109    i.get_CRC16_check_sum  crc.o
    0x0800a4b8   0x0800a4b8   0x0000001c   Code   RO         1110    i.get_CRC8_check_sum  crc.o
    0x0800a4d4   0x0800a4d4   0x00000010   Code   RO         3561    i.inHandlerMode     cmsis_os.o
    0x0800a4e4   0x0800a4e4   0x00000036   Code   RO         2147    i.main              main.o
    0x0800a51a   0x0800a51a   0x0000000c   Code   RO         3563    i.makeFreeRtosPriority  cmsis_os.o
    0x0800a526   0x0800a526   0x00000010   Code   RO         3565    i.osDelay           cmsis_os.o
    0x0800a536   0x0800a536   0x00000010   Code   RO         3566    i.osDelayUntil      cmsis_os.o
    0x0800a546   0x0800a546   0x0000000a   Code   RO         3568    i.osKernelStart     cmsis_os.o
    0x0800a550   0x0800a550   0x00000018   Code   RO         3569    i.osKernelSysTick   cmsis_os.o
    0x0800a568   0x0800a568   0x00000058   Code   RO         3602    i.osThreadCreate    cmsis_os.o
    0x0800a5c0   0x0800a5c0   0x00000078   Code   RO         3189    i.prvAddCurrentTaskToDelayedList  tasks.o
    0x0800a638   0x0800a638   0x00000088   Code   RO         3190    i.prvAddNewTaskToReadyList  tasks.o
    0x0800a6c0   0x0800a6c0   0x0000003c   Code   RO         3191    i.prvCheckTasksWaitingTermination  tasks.o
    0x0800a6fc   0x0800a6fc   0x00000040   Code   RO         3192    i.prvDeleteTCB      tasks.o
    0x0800a73c   0x0800a73c   0x0000004c   Code   RO         3942    i.prvHeapInit       heap_4.o
    0x0800a788   0x0800a788   0x00000028   Code   RO         3193    i.prvIdleTask       tasks.o
    0x0800a7b0   0x0800a7b0   0x000000ac   Code   RO         3194    i.prvInitialiseNewTask  tasks.o
    0x0800a85c   0x0800a85c   0x00000058   Code   RO         3195    i.prvInitialiseTaskLists  tasks.o
    0x0800a8b4   0x0800a8b4   0x00000054   Code   RO         3943    i.prvInsertBlockIntoFreeList  heap_4.o
    0x0800a908   0x0800a908   0x00000024   Code   RO         3196    i.prvResetNextTaskUnblockTime  tasks.o
    0x0800a92c   0x0800a92c   0x0000002c   Code   RO         4011    i.prvTaskExitError  port.o
    0x0800a958   0x0800a958   0x000000dc   Code   RO         3944    i.pvPortMalloc      heap_4.o
    0x0800aa34   0x0800aa34   0x00000024   Code   RO         4012    i.pxPortInitialiseStack  port.o
    0x0800aa58   0x0800aa58   0x0000003e   Code   RO         8001    i.sqrtf             m_wm.l(sqrtf_full.o)
    0x0800aa96   0x0800aa96   0x00000028   Code   RO         1443    i.uint_to_float     motor.o
    0x0800aabe   0x0800aabe   0x00000026   Code   RO         2808    i.uxListRemove      list.o
    0x0800aae4   0x0800aae4   0x00000018   Code   RO         2221    i.vApplicationGetIdleTaskMemory  freertos.o
    0x0800aafc   0x0800aafc   0x00000016   Code   RO         2809    i.vListInitialise   list.o
    0x0800ab12   0x0800ab12   0x00000006   Code   RO         2810    i.vListInitialiseItem  list.o
    0x0800ab18   0x0800ab18   0x00000030   Code   RO         2811    i.vListInsert       list.o
    0x0800ab48   0x0800ab48   0x00000018   Code   RO         2812    i.vListInsertEnd    list.o
    0x0800ab60   0x0800ab60   0x00000040   Code   RO         4014    i.vPortEnterCritical  port.o
    0x0800aba0   0x0800aba0   0x0000002c   Code   RO         4015    i.vPortExitCritical  port.o
    0x0800abcc   0x0800abcc   0x00000064   Code   RO         3945    i.vPortFree         heap_4.o
    0x0800ac30   0x0800ac30   0x00000024   Code   RO         4016    i.vPortSetupTimerInterrupt  port.o
    0x0800ac54   0x0800ac54   0x00000054   Code   RO         4017    i.vPortValidateInterruptPriority  port.o
    0x0800aca8   0x0800aca8   0x00000050   Code   RO         3209    i.vTaskDelay        tasks.o
    0x0800acf8   0x0800acf8   0x00000098   Code   RO         3210    i.vTaskDelayUntil   tasks.o
    0x0800ad90   0x0800ad90   0x00000088   Code   RO         3223    i.vTaskStartScheduler  tasks.o
    0x0800ae18   0x0800ae18   0x00000010   Code   RO         3225    i.vTaskSuspendAll   tasks.o
    0x0800ae28   0x0800ae28   0x00000060   Code   RO         3226    i.vTaskSwitchContext  tasks.o
    0x0800ae88   0x0800ae88   0x00000040   Code   RO         1111    i.verify_CRC16_check_sum  crc.o
    0x0800aec8   0x0800aec8   0x0000002e   Code   RO         1112    i.verify_CRC8_check_sum  crc.o
    0x0800aef6   0x0800aef6   0x00000002   PAD
    0x0800aef8   0x0800aef8   0x000000f4   Code   RO         4018    i.xPortStartScheduler  port.o
    0x0800afec   0x0800afec   0x00000064   Code   RO         3230    i.xTaskCreate       tasks.o
    0x0800b050   0x0800b050   0x0000005c   Code   RO         3231    i.xTaskCreateStatic  tasks.o
    0x0800b0ac   0x0800b0ac   0x0000000c   Code   RO         3237    i.xTaskGetTickCount  tasks.o
    0x0800b0b8   0x0800b0b8   0x00000010   Code   RO         3238    i.xTaskGetTickCountFromISR  tasks.o
    0x0800b0c8   0x0800b0c8   0x000000d0   Code   RO         3239    i.xTaskIncrementTick  tasks.o
    0x0800b198   0x0800b198   0x000000cc   Code   RO         3245    i.xTaskResumeAll    tasks.o
    0x0800b264   0x0800b264   0x000002c4   Code   RO         7603    x$fpl$d2f           g_wm.l(d2f_clz.o)
    0x0800b528   0x0800b528   0x0000024c   Code   RO         7605    x$fpl$dadd          g_wm.l(daddsub_clz.o)
    0x0800b774   0x0800b774   0x00000018   Code   RO         7895    x$fpl$dcmpinf       g_wm.l(dcmpi.o)
    0x0800b78c   0x0800b78c   0x0000001a   Code   RO         7617    x$fpl$dfltn         g_wm.l(dflt_clz.o)
    0x0800b7a6   0x0800b7a6   0x00000002   PAD
    0x0800b7a8   0x0800b7a8   0x00000078   Code   RO         7621    x$fpl$dleqf         g_wm.l(dleqf.o)
    0x0800b820   0x0800b820   0x00000102   Code   RO         7903    x$fpl$dnaninf       g_wm.l(dnaninf.o)
    0x0800b922   0x0800b922   0x00000070   Code   RO         7905    x$fpl$drenorm       g_wm.l(drenorm_clz.o)
    0x0800b992   0x0800b992   0x0000000c   Code   RO         7907    x$fpl$dretinf       g_wm.l(dretinf.o)
    0x0800b99e   0x0800b99e   0x00000062   Code   RO         7625    x$fpl$drleqf        g_wm.l(drleqf.o)
    0x0800ba00   0x0800ba00   0x00000050   Code   RO         7606    x$fpl$drsb          g_wm.l(daddsub_clz.o)
    0x0800ba50   0x0800ba50   0x0000029c   Code   RO         7607    x$fpl$dsub          g_wm.l(daddsub_clz.o)
    0x0800bcec   0x0800bcec   0x0000017a   Code   RO         7911    x$fpl$dunder        g_wm.l(dunder_clz.o)
    0x0800be66   0x0800be66   0x00000002   PAD
    0x0800be68   0x0800be68   0x000001ec   Code   RO         7913    x$fpl$exception     g_wm.l(except.o)
    0x0800c054   0x0800c054   0x0000007a   Code   RO         7627    x$fpl$f2d           g_wm.l(f2d.o)
    0x0800c0ce   0x0800c0ce   0x000000f2   Code   RO         7915    x$fpl$fnaninf       g_wm.l(fnaninf.o)
    0x0800c1c0   0x0800c1c0   0x0000000a   Code   RO         8088    x$fpl$fpinit        g_wm.l(fpinit.o)
    0x0800c1ca   0x0800c1ca   0x0000000a   Code   RO         7917    x$fpl$fretinf       g_wm.l(fretinf.o)
    0x0800c1d4   0x0800c1d4   0x0000013c   Code   RO         7919    x$fpl$funder        g_wm.l(funder_clz.o)
    0x0800c310   0x0800c310   0x00000020   Code   RO         7921    x$fpl$ieeestatus    g_wm.l(istatus.o)
    0x0800c330   0x0800c330   0x000000b2   Code   RO         8090    x$fpl$retnan        g_wm.l(retnan.o)
    0x0800c3e2   0x0800c3e2   0x0000007e   Code   RO         7933    x$fpl$trapveneer    g_wm.l(trapv.o)
    0x0800c460   0x0800c460   0x00000000   Code   RO         7935    x$fpl$usenofp       g_wm.l(usenofp.o)
    0x0800c460   0x0800c460   0x00000300   Data   RO         1114    .constdata          crc.o
    0x0800c760   0x0800c760   0x00000070   Data   RO         2223    .constdata          freertos.o
    0x0800c7d0   0x0800c7d0   0x00000010   Data   RO         2677    .constdata          system_stm32f4xx.o
    0x0800c7e0   0x0800c7e0   0x00000008   Data   RO         2678    .constdata          system_stm32f4xx.o
    0x0800c7e8   0x0800c7e8   0x00000008   Data   RO         4842    .constdata          stm32f4xx_hal_dma.o
    0x0800c7f0   0x0800c7f0   0x00000804   Data   RO         7447    .constdata          arm_cortexM4lf_math.lib(arm_common_tables.o)
    0x0800cff4   0x0800cff4   0x00000140   Data   RO         7726    .constdata          m_wm.l(powf.o)
    0x0800d134   0x0800d134   0x00000040   Data   RO         2224    .conststring        freertos.o
    0x0800d174   0x0800d174   0x00000020   Data   RO         8269    Region$$Table       anon$$obj.o


    Execution Region RW_IRAM1 (Exec base: 0x20000000, Load base: 0x0800d194, Size: 0x0000bc58, Max: 0x0001c000, ABSOLUTE, COMPRESSED[0x00000258])

    Exec Addr    Load Addr    Size         Type   Attr      Idx    E Section Name        Object

    0x20000000   COMPRESSED   0x00000058   Data   RW          175    .data               can_task.o
    0x20000058   COMPRESSED   0x0000060c   Data   RW          443    .data               control_task.o
    0x20000664   COMPRESSED   0x00000144   Data   RW          664    .data               ins_task.o
    0x200007a8   COMPRESSED   0x00000090   Data   RW          718    .data               bsp_can.o
    0x20000838   COMPRESSED   0x00000024   Data   RW          719    .data               bsp_can.o
    0x2000085c   COMPRESSED   0x00000024   Data   RW          720    .data               bsp_can.o
    0x20000880   COMPRESSED   0x00000024   Data   RW          721    .data               bsp_can.o
    0x200008a4   COMPRESSED   0x00000024   Data   RW          722    .data               bsp_can.o
    0x200008c8   COMPRESSED   0x00000004   Data   RW          723    .data               bsp_can.o
    0x200008cc   COMPRESSED   0x00000002   Data   RW         1115    .data               crc.o
    0x200008ce   COMPRESSED   0x00000002   PAD
    0x200008d0   COMPRESSED   0x0000002c   Data   RW         1380    .data               bmi088.o
    0x200008fc   COMPRESSED   0x00000048   Data   RW         1444    .data               motor.o
    0x20000944   COMPRESSED   0x00000028   Data   RW         1445    .data               motor.o
    0x2000096c   COMPRESSED   0x000000e0   Data   RW         1446    .data               motor.o
    0x20000a4c   COMPRESSED   0x0000000a   Data   RW         1447    .data               motor.o
    0x20000a56   COMPRESSED   0x0000001c   Data   RW         1580    .data               remote_control.o
    0x20000a72   COMPRESSED   0x00000002   PAD
    0x20000a74   COMPRESSED   0x00000010   Data   RW         2225    .data               freertos.o
    0x20000a84   COMPRESSED   0x00000004   Data   RW         2281    .data               can.o
    0x20000a88   COMPRESSED   0x00000004   Data   RW         2679    .data               system_stm32f4xx.o
    0x20000a8c   COMPRESSED   0x0000003c   Data   RW         3248    .data               tasks.o
    0x20000ac8   COMPRESSED   0x00000020   Data   RW         3951    .data               heap_4.o
    0x20000ae8   COMPRESSED   0x0000000c   Data   RW         4019    .data               port.o
    0x20000af4   COMPRESSED   0x0000000c   Data   RW         5269    .data               stm32f4xx_hal.o
    0x20000b00        -       0x00000010   Zero   RW          173    .bss                can_task.o
    0x20000b10        -       0x000000f0   Zero   RW          174    .bss                can_task.o
    0x20000c00        -       0x000002a8   Zero   RW          441    .bss                control_task.o
    0x20000ea8        -       0x0000029c   Zero   RW          663    .bss                ins_task.o
    0x20001144        -       0x00000050   Zero   RW          717    .bss                bsp_can.o
    0x20001194        -       0x0000003c   Zero   RW         1379    .bss                bmi088.o
    0x200011d0        -       0x000000c8   Zero   RW         1531    .bss                referee_info.o
    0x20001298        -       0x00000027   Zero   RW         1532    .bss                referee_info.o
    0x200012bf        -       0x00000048   Zero   RW         1578    .bss                remote_control.o
    0x20001307   COMPRESSED   0x00000001   PAD
    0x20001308        -       0x0000006c   Zero   RW         1579    .bss                remote_control.o
    0x20001374        -       0x00000454   Zero   RW         2222    .bss                freertos.o
    0x200017c8        -       0x00000050   Zero   RW         2280    .bss                can.o
    0x20001818        -       0x00000058   Zero   RW         2352    .bss                spi.o
    0x20001870        -       0x00000048   Zero   RW         2395    .bss                tim.o
    0x200018b8        -       0x00000208   Zero   RW         2443    .bss                usart.o
    0x20001ac0        -       0x00000048   Zero   RW         2632    .bss                stm32f4xx_hal_timebase_tim.o
    0x20001b08        -       0x000000f0   Zero   RW         3247    .bss                tasks.o
    0x20001bf8        -       0x00006000   Zero   RW         3950    .bss                heap_4.o
    0x20007bf8        -       0x00000060   Zero   RW         8014    .bss                c_w.l(libspace.o)
    0x20007c58        -       0x00002000   Zero   RW         2666    HEAP                startup_stm32f407xx.o
    0x20009c58        -       0x00002000   Zero   RW         2665    STACK               startup_stm32f407xx.o


    Execution Region RW_IRAM2 (Exec base: 0x2001c000, Load base: 0x0800d3ec, Size: 0x00000000, Max: 0x00004000, ABSOLUTE)

    **** No section assigned to this execution region ****


==============================================================================

Image component sizes


      Code (inc. data)   RO Data    RW Data    ZI Data      Debug   Object Name

      2726         84          0          0          0      28572   api_quaternion.o
      1020         34          0         44         60       9153   bmi088.o
       676         72          0        292         80       5705   bsp_can.o
        64         24          0          0          0       1886   bsp_gpio.o
        22          0          0          0          0        503   bsp_mcu.o
        36          4          0          0          0        589   bsp_spi.o
        70          0          0          0          0       1654   bsp_tick.o
        68         10          0          0          0       1880   bsp_tim.o
       460         40          0          0          0       3654   bsp_uart.o
       400         46          0          4         80       2594   can.o
      2380        228          0         88        256     748790   can_task.o
       182          0          0          0          0      30196   cmsis_os.o
      9448        468          0       1548        680      34646   control_task.o
       186         12        768          2          0       3941   crc.o
        12          0          0          0          0        550   detect_task.o
        92          4          0          0          0        826   dma.o
         0          0          0          0          0      15208   event_groups.o
       128         14        176         16       1108       2367   freertos.o
       272         20          0          0          0       1151   gpio.o
       480         26          0         32      24576       7659   heap_4.o
       564         72          0        324        668       3689   ins_task.o
      1712          0          0          0          0       5764   kalman.o
       138          0          0          0          0       3670   list.o
       140         12          0          0          0       3747   lpf.o
       224         10          0          0          0       2800   main.o
      1370        110          0        346          0      11621   motor.o
       594         18          0          0          0       8426   pid.o
       786         84          0         12          0      12133   port.o
        62          0          0          0          0        826   ramp.o
       424          6          0          0        239      11102   referee_info.o
       538         54          0         28        180       8377   remote_control.o
       216         26          0          0         88       1813   spi.o
        64         26        392          0      16384        828   startup_stm32f407xx.o
        80         14          0         12          0       8174   stm32f4xx_hal.o
      1768          6          0          0          0      14355   stm32f4xx_hal_can.o
       158         14          0          0          0      33326   stm32f4xx_hal_cortex.o
      1018         14          8          0          0       5931   stm32f4xx_hal_dma.o
       504         50          0          0          0       3580   stm32f4xx_hal_gpio.o
        56          4          0          0          0        890   stm32f4xx_hal_msp.o
      1578         96          0          0          0       8800   stm32f4xx_hal_rcc.o
       954         14          0          0          0       4817   stm32f4xx_hal_spi.o
      1746        140          0          0          0      13308   stm32f4xx_hal_tim.o
         4          0          0          0          0       1613   stm32f4xx_hal_tim_ex.o
       152         18          0          0         72       1599   stm32f4xx_hal_timebase_tim.o
      1346         16          0          0          0       9219   stm32f4xx_hal_uart.o
       130         54          0          0          0       7772   stm32f4xx_it.o
        16          4         24          4          0       1175   system_stm32f4xx.o
      1828        140          0         60        240      23610   tasks.o
       228         34          0          0         72       2366   tim.o
       600         58          0          0        520       2935   usart.o

    ----------------------------------------------------------------------
     37776       2180       1400       2816      45304    1119790   Object Totals
         0          0         32          0          0          0   (incl. Generated)
        56          0          0          4          1          0   (incl. Padding)

    ----------------------------------------------------------------------

      Code (inc. data)   RO Data    RW Data    ZI Data      Debug   Library Member Name

         0          0       2052          0          0       4704   arm_common_tables.o
       120         12          0          0          0      17170   arm_cos_f32.o
       264          0          0          0          0       1826   arm_mat_add_f32.o
         8          0          0          0          0        999   arm_mat_init_f32.o
      1328          4          0          0          0       4782   arm_mat_inverse_f32.o
       316          4          0          0          0       2375   arm_mat_mult_f32.o
       264          0          0          0          0       1826   arm_mat_sub_f32.o
       276          0          0          0          0       2240   arm_mat_trans_f32.o
       148         18          0          0          0        814   arm_sin_f32.o
        90          0          0          0          0          0   __dczerorl2.o
         8          0          0          0          0         68   __main.o
         0          0          0          0          0          0   __rtentry.o
        12          0          0          0          0          0   __rtentry2.o
         6          0          0          0          0          0   __rtentry4.o
        52          8          0          0          0          0   __scatter.o
        28          0          0          0          0          0   __scatter_zi.o
        48          4          0          0          0         84   _fptrap.o
        22          0          0          0          0        100   _rserrno.o
        16          0          0          0          0         68   aeabi_memset.o
        10          0          0          0          0         68   defsig_exit.o
       172        110          0          0          0         76   defsig_fpe_inner.o
        14          0          0          0          0         80   defsig_fpe_outer.o
        50          0          0          0          0         88   defsig_general.o
        80         58          0          0          0         76   defsig_rtmem_inner.o
        14          0          0          0          0         80   defsig_rtmem_outer.o
        18          0          0          0          0         80   exit.o
        94          0          0          0          0         80   h1_alloc.o
        52          0          0          0          0         68   h1_extend.o
        78          0          0          0          0         80   h1_free.o
        14          0          0          0          0         84   h1_init.o
         6          0          0          0          0        152   heapauxi.o
         4          0          0          0          0        136   hguard.o
         0          0          0          0          0          0   indicate_semi.o
       138          0          0          0          0        168   init_alloc.o
         2          0          0          0          0          0   libinit.o
        14          0          0          0          0          0   libinit2.o
         2          0          0          0          0          0   libshutdown.o
         2          0          0          0          0          0   libshutdown2.o
         8          4          0          0         96         68   libspace.o
       238          0          0          0          0        100   lludivv7m.o
         0          0          0          0          0          0   maybetermalloc1.o
         8          4          0          0          0         68   rt_errno_addr_intlibspace.o
         8          4          0          0          0         68   rt_heap_descriptor_intlibspace.o
        68          0          0          0          0         68   rt_memclr.o
        78          0          0          0          0         80   rt_memclr_w.o
       100          0          0          0          0         80   rt_memcpy_w.o
         2          0          0          0          0          0   rtexit.o
        10          0          0          0          0          0   rtexit2.o
        12          4          0          0          0         68   sys_exit.o
        74          0          0          0          0         80   sys_stackheap_outer.o
        14          0          0          0          0         76   sys_wrch.o
         2          0          0          0          0         68   use_no_semi.o
       708         16          0          0          0        140   d2f_clz.o
      1336         32          0          0          0        532   daddsub_clz.o
        24          0          0          0          0        116   dcmpi.o
        26          0          0          0          0        116   dflt_clz.o
       120          8          0          0          0        140   dleqf.o
       258          4          0          0          0        156   dnaninf.o
       112          0          0          0          0        160   drenorm_clz.o
        12          0          0          0          0        116   dretinf.o
        98          0          0          0          0        128   drleqf.o
       378          0          0          0          0        168   dunder_clz.o
       492         36          0          0          0        148   except.o
       122          8          0          0          0        132   f2d.o
       242          4          0          0          0        144   fnaninf.o
        10          0          0          0          0        116   fpinit.o
        10          0          0          0          0        116   fretinf.o
       316          0          0          0          0        132   funder_clz.o
        32          4          0          0          0        116   istatus.o
       178          0          0          0          0        116   retnan.o
       126          0          0          0          0        148   trapv.o
         0          0          0          0          0          0   usenofp.o
       280         46          0          0          0        176   acosf.o
       300         42          0          0          0        176   asinf.o
       684         90          0          0          0        208   atan2f.o
        20          0          0          0          0        124   fabs.o
        38          0          0          0          0        116   fpclassifyf.o
        80         24          0          0          0        696   funder.o
      1636        110        320          0          0        372   powf.o
        62          0          0          0          0        136   sqrtf_full.o

    ----------------------------------------------------------------------
     12104        658       2372          0         96      44140   Library Totals
        12          0          0          0          0          0   (incl. Padding)

    ----------------------------------------------------------------------

      Code (inc. data)   RO Data    RW Data    ZI Data      Debug   Library Name

      2724         38       2052          0          0      36736   arm_cortexM4lf_math.lib
      1668        196          0          0         96       2460   c_w.l
      4600        112          0          0          0       2940   g_wm.l
      3100        312        320          0          0       2004   m_wm.l

    ----------------------------------------------------------------------
     12104        658       2372          0         96      44140   Library Totals

    ----------------------------------------------------------------------

==============================================================================


      Code (inc. data)   RO Data    RW Data    ZI Data      Debug   

     49880       2838       3772       2816      45400    1132678   Grand Totals
     49880       2838       3772        600      45400    1132678   ELF Image Totals (compressed)
     49880       2838       3772        600          0          0   ROM Totals

==============================================================================

    Total RO  Size (Code + RO Data)                53652 (  52.39kB)
    Total RW  Size (RW Data + ZI Data)             48216 (  47.09kB)
    Total ROM Size (Code + RO Data + RW Data)      54252 (  52.98kB)

==============================================================================

